2026-03-06 11:57:45 INFO root Start primary API version 1.10.0.11
2026-03-06 11:57:45 INFO root loading script: main
2026-03-06 11:57:46 INFO root successfully loaded script: main
2026-03-06 11:57:59 ERROR root EXCEPTION:NonvolatileValues:ReadValues:Traceback (most recent call last):
  File "c:\Users\manyr\OneDrive\Desktop\Chris system\Server\source\tools.py", line 403, in ReadValues
    values = _json.load(f)
  File "C:\Python\Python310\lib\json\__init__.py", line 293, in load
    return loads(fp.read(),
  File "C:\Python\Python310\lib\json\__init__.py", line 346, in loads
    return _default_decoder.decode(s)
  File "C:\Python\Python310\lib\json\decoder.py", line 337, in decode
    obj, end = self.raw_decode(s, idx=_w(s, 0).end())
  File "C:\Python\Python310\lib\json\decoder.py", line 355, in raw_decode
    raise JSONDecodeError("Expecting value", s, err.value) from None
json.decoder.JSONDecodeError: Expecting value: line 1 column 1 (char 0)
:deleting corrupted file
2026-03-06 11:58:30 ERROR root Debug Server restarted:Listening
2026-03-06 11:59:00 ERROR root Debug Server restarted:Listening
2026-03-06 11:59:30 ERROR root Debug Server restarted:Listening
2026-03-06 12:00:00 ERROR root Debug Server restarted:Listening
2026-03-06 12:00:30 ERROR root Debug Server restarted:Listening
2026-03-06 12:01:00 ERROR root Debug Server restarted:Listening
2026-03-06 12:01:30 ERROR root Debug Server restarted:Listening
2026-03-06 12:02:00 ERROR root Debug Server restarted:Listening
2026-03-06 12:02:30 ERROR root Debug Server restarted:Listening
2026-03-06 12:03:00 ERROR root Debug Server restarted:Listening
2026-03-06 12:03:03 INFO root Device 22-0 VTLP sync handling began
2026-03-06 12:03:03 INFO root Device 22-0 VTLP sync handling ended
2026-03-06 12:03:03 ERROR root Control ID 0 not defined
2026-03-06 12:03:30 ERROR root Debug Server restarted:Listening
2026-03-06 12:03:56 ERROR root Device 2-0 (None)  SPInterface Operable Unavailable port :AVI1 , connections status: Offline
2026-03-06 12:04:00 ERROR root Debug Server restarted:Listening
2026-03-06 12:04:09 ERROR root SerialInterface spd1:COM1 Unavailable Port: COM1
2026-03-06 12:04:09 ERROR root SerialInterface spd1:COM1Device 3-0 (None)  Unavailable Port: COM1 , connections status Offline
2026-03-06 12:04:21 ERROR root SerialInterface spd2:COM1 Unavailable Port: COM1
2026-03-06 12:04:21 ERROR root SerialInterface spd2:COM1Device 4-0 (None)  Unavailable Port: COM1 , connections status Offline
2026-03-06 12:04:30 ERROR root Debug Server restarted:Listening
2026-03-06 12:04:33 ERROR root SerialInterface spd3:COM1 Unavailable Port: COM1
2026-03-06 12:04:33 ERROR root SerialInterface spd3:COM1Device 5-0 (None)  Unavailable Port: COM1 , connections status Offline
2026-03-06 12:04:45 ERROR root SerialInterface spd4:COM1 Unavailable Port: COM1
2026-03-06 12:04:45 ERROR root SerialInterface spd4:COM1Device 6-0 (None)  Unavailable Port: COM1 , connections status Offline
2026-03-06 12:04:58 ERROR root SerialInterface spd5:COM1 Unavailable Port: COM1
2026-03-06 12:04:58 ERROR root SerialInterface spd5:COM1Device 7-0 (None)  Unavailable Port: COM1 , connections status Offline
2026-03-06 12:05:00 ERROR root Debug Server restarted:Listening
2026-03-06 12:05:10 ERROR root SerialInterface spd6:COM1 Unavailable Port: COM1
2026-03-06 12:05:10 ERROR root SerialInterface spd6:COM1Device 8-0 (None)  Unavailable Port: COM1 , connections status Offline
2026-03-06 12:05:19 ERROR root Device 10-0 (None)  Unavailable Port: IRS1 , connections status Offline
2026-03-06 12:05:29 ERROR root Device 11-0 (None)  Unavailable Port: IRS1 , connections status Offline
2026-03-06 12:05:30 ERROR root Debug Server restarted:Listening
2026-03-06 12:05:38 ERROR root Device 12-0 (None)  Unavailable Port: IRS1 , connections status Offline
2026-03-06 12:05:47 ERROR root Device 13-0 (None)  Unavailable Port: IRS1 , connections status Offline
2026-03-06 12:05:57 ERROR root Device 14-0 (None)  Unavailable Port: IRS1 , connections status Offline
2026-03-06 12:06:00 ERROR root Debug Server restarted:Listening
2026-03-06 12:06:06 ERROR root Device 15-0 (None)  Unavailable Port: IRS1 , connections status Offline
2026-03-06 12:06:08 ERROR root SerialInterface spd6:COM1SendAndWait: Port COM1 not open
2026-03-06 12:06:08 ERROR root SerialInterface spd1:COM1SendAndWait: Port COM1 not open
2026-03-06 12:06:08 ERROR root SerialInterface spd4:COM1SendAndWait: Port COM1 not open
2026-03-06 12:06:08 ERROR root SerialInterface spd2:COM1SendAndWait: Port COM1 not open
2026-03-06 12:06:08 ERROR root SerialInterface spd5:COM1SendAndWait: Port COM1 not open
2026-03-06 12:06:08 ERROR root SerialInterface spd3:COM1SendAndWait: Port COM1 not open
2026-03-06 12:06:17 ERROR root EXCEPTION:NonvolatileValues:ReadValues:Traceback (most recent call last):
  File "c:\Users\manyr\OneDrive\Desktop\Chris system\Server\source\tools.py", line 403, in ReadValues
    values = _json.load(f)
  File "C:\Python\Python310\lib\json\__init__.py", line 293, in load
    return loads(fp.read(),
  File "C:\Python\Python310\lib\json\__init__.py", line 346, in loads
    return _default_decoder.decode(s)
  File "C:\Python\Python310\lib\json\decoder.py", line 337, in decode
    obj, end = self.raw_decode(s, idx=_w(s, 0).end())
  File "C:\Python\Python310\lib\json\decoder.py", line 355, in raw_decode
    raise JSONDecodeError("Expecting value", s, err.value) from None
json.decoder.JSONDecodeError: Expecting value: line 1 column 1 (char 0)
:deleting corrupted file
2026-03-06 12:06:31 ERROR root SerialInterface spd6:COM1SendAndWait: Port COM1 not open
2026-03-06 12:06:31 ERROR root SerialInterface spd4:COM1SendAndWait: Port COM1 not open
2026-03-06 12:06:31 ERROR root SerialInterface spd5:COM1SendAndWait: Port COM1 not open
2026-03-06 12:06:31 ERROR root SerialInterface spd1:COM1SendAndWait: Port COM1 not open
2026-03-06 12:06:31 ERROR root SerialInterface spd2:COM1SendAndWait: Port COM1 not open
2026-03-06 12:06:31 ERROR root SerialInterface spd3:COM1SendAndWait: Port COM1 not open
2026-03-06 12:06:31 ERROR root Debug Server restarted:Listening
2026-03-06 12:06:41 ERROR root SerialInterface spd1:COM1SendAndWait: Port COM1 not open
2026-03-06 12:06:41 ERROR root SerialInterface spd5:COM1SendAndWait: Port COM1 not open
2026-03-06 12:06:41 ERROR root SerialInterface spd4:COM1SendAndWait: Port COM1 not open
2026-03-06 12:06:41 ERROR root SerialInterface spd3:COM1SendAndWait: Port COM1 not open
2026-03-06 12:06:41 ERROR root SerialInterface spd2:COM1SendAndWait: Port COM1 not open
2026-03-06 12:06:41 ERROR root SerialInterface spd6:COM1SendAndWait: Port COM1 not open
2026-03-06 12:06:51 ERROR root SerialInterface spd1:COM1SendAndWait: Port COM1 not open
2026-03-06 12:06:51 ERROR root SerialInterface spd2:COM1SendAndWait: Port COM1 not open
2026-03-06 12:06:51 ERROR root SerialInterface spd4:COM1SendAndWait: Port COM1 not open
2026-03-06 12:06:51 ERROR root SerialInterface spd6:COM1SendAndWait: Port COM1 not open
2026-03-06 12:06:51 ERROR root SerialInterface spd3:COM1SendAndWait: Port COM1 not open
2026-03-06 12:06:51 ERROR root SerialInterface spd5:COM1SendAndWait: Port COM1 not open
2026-03-06 12:07:00 ERROR root Debug Server restarted:Listening
2026-03-06 12:07:01 ERROR root SerialInterface spd1:COM1SendAndWait: Port COM1 not open
2026-03-06 12:07:01 ERROR root SerialInterface spd2:COM1SendAndWait: Port COM1 not open
2026-03-06 12:07:01 ERROR root SerialInterface spd5:COM1SendAndWait: Port COM1 not open
2026-03-06 12:07:01 ERROR root SerialInterface spd4:COM1SendAndWait: Port COM1 not open
2026-03-06 12:07:01 ERROR root SerialInterface spd3:COM1SendAndWait: Port COM1 not open
2026-03-06 12:07:01 ERROR root SerialInterface spd6:COM1SendAndWait: Port COM1 not open
2026-03-06 12:07:11 ERROR root SerialInterface spd1:COM1SendAndWait: Port COM1 not open
2026-03-06 12:07:11 ERROR root SerialInterface spd5:COM1SendAndWait: Port COM1 not open
2026-03-06 12:07:11 ERROR root SerialInterface spd4:COM1SendAndWait: Port COM1 not open
2026-03-06 12:07:11 ERROR root SerialInterface spd2:COM1SendAndWait: Port COM1 not open
2026-03-06 12:07:12 ERROR root SerialInterface spd6:COM1SendAndWait: Port COM1 not open
2026-03-06 12:07:12 ERROR root SerialInterface spd3:COM1SendAndWait: Port COM1 not open
2026-03-06 12:07:21 ERROR root SerialInterface spd1:COM1SendAndWait: Port COM1 not open
2026-03-06 12:07:22 ERROR root SerialInterface spd5:COM1SendAndWait: Port COM1 not open
2026-03-06 12:07:22 ERROR root SerialInterface spd4:COM1SendAndWait: Port COM1 not open
2026-03-06 12:07:22 ERROR root SerialInterface spd2:COM1SendAndWait: Port COM1 not open
2026-03-06 12:07:22 ERROR root SerialInterface spd6:COM1SendAndWait: Port COM1 not open
2026-03-06 12:07:22 ERROR root SerialInterface spd3:COM1SendAndWait: Port COM1 not open
2026-03-06 12:07:30 ERROR root Debug Server restarted:Listening
2026-03-06 12:07:32 ERROR root SerialInterface spd1:COM1SendAndWait: Port COM1 not open
2026-03-06 12:07:32 ERROR root SerialInterface spd5:COM1SendAndWait: Port COM1 not open
2026-03-06 12:07:32 ERROR root SerialInterface spd4:COM1SendAndWait: Port COM1 not open
2026-03-06 12:07:32 ERROR root SerialInterface spd2:COM1SendAndWait: Port COM1 not open
2026-03-06 12:07:32 ERROR root SerialInterface spd6:COM1SendAndWait: Port COM1 not open
2026-03-06 12:07:32 ERROR root SerialInterface spd3:COM1SendAndWait: Port COM1 not open
2026-03-06 12:07:42 ERROR root SerialInterface spd1:COM1SendAndWait: Port COM1 not open
2026-03-06 12:07:42 ERROR root SerialInterface spd5:COM1SendAndWait: Port COM1 not open
2026-03-06 12:07:42 ERROR root SerialInterface spd4:COM1SendAndWait: Port COM1 not open
2026-03-06 12:07:42 ERROR root SerialInterface spd2:COM1SendAndWait: Port COM1 not open
2026-03-06 12:07:42 ERROR root SerialInterface spd6:COM1SendAndWait: Port COM1 not open
2026-03-06 12:07:42 ERROR root SerialInterface spd3:COM1SendAndWait: Port COM1 not open
2026-03-06 12:07:52 ERROR root SerialInterface spd1:COM1SendAndWait: Port COM1 not open
2026-03-06 12:07:52 ERROR root SerialInterface spd5:COM1SendAndWait: Port COM1 not open
2026-03-06 12:07:52 ERROR root SerialInterface spd4:COM1SendAndWait: Port COM1 not open
2026-03-06 12:07:52 ERROR root SerialInterface spd2:COM1SendAndWait: Port COM1 not open
2026-03-06 12:07:52 ERROR root SerialInterface spd6:COM1SendAndWait: Port COM1 not open
2026-03-06 12:07:52 ERROR root SerialInterface spd3:COM1SendAndWait: Port COM1 not open
2026-03-06 12:08:00 ERROR root Debug Server restarted:Listening
2026-03-06 12:08:02 ERROR root SerialInterface spd1:COM1SendAndWait: Port COM1 not open
2026-03-06 12:08:02 ERROR root SerialInterface spd5:COM1SendAndWait: Port COM1 not open
2026-03-06 12:08:02 ERROR root SerialInterface spd4:COM1SendAndWait: Port COM1 not open
2026-03-06 12:08:02 ERROR root SerialInterface spd2:COM1SendAndWait: Port COM1 not open
2026-03-06 12:08:02 ERROR root SerialInterface spd6:COM1SendAndWait: Port COM1 not open
2026-03-06 12:08:02 ERROR root SerialInterface spd3:COM1SendAndWait: Port COM1 not open
2026-03-06 12:08:12 ERROR root SerialInterface spd1:COM1SendAndWait: Port COM1 not open
2026-03-06 12:08:12 ERROR root SerialInterface spd5:COM1SendAndWait: Port COM1 not open
2026-03-06 12:08:12 ERROR root SerialInterface spd4:COM1SendAndWait: Port COM1 not open
2026-03-06 12:08:12 ERROR root SerialInterface spd2:COM1SendAndWait: Port COM1 not open
2026-03-06 12:08:12 ERROR root SerialInterface spd6:COM1SendAndWait: Port COM1 not open
2026-03-06 12:08:12 ERROR root SerialInterface spd3:COM1SendAndWait: Port COM1 not open
2026-03-06 12:08:22 ERROR root SerialInterface spd1:COM1SendAndWait: Port COM1 not open
2026-03-06 12:08:22 ERROR root SerialInterface spd5:COM1SendAndWait: Port COM1 not open
2026-03-06 12:08:22 ERROR root SerialInterface spd4:COM1SendAndWait: Port COM1 not open
2026-03-06 12:08:22 ERROR root SerialInterface spd2:COM1SendAndWait: Port COM1 not open
2026-03-06 12:08:22 ERROR root SerialInterface spd6:COM1SendAndWait: Port COM1 not open
2026-03-06 12:08:23 ERROR root SerialInterface spd3:COM1SendAndWait: Port COM1 not open
2026-03-06 12:08:30 ERROR root Debug Server restarted:Listening
2026-03-06 12:08:32 ERROR root SerialInterface spd1:COM1SendAndWait: Port COM1 not open
2026-03-06 12:08:32 ERROR root SerialInterface spd5:COM1SendAndWait: Port COM1 not open
2026-03-06 12:08:33 ERROR root SerialInterface spd4:COM1SendAndWait: Port COM1 not open
2026-03-06 12:08:33 ERROR root SerialInterface spd2:COM1SendAndWait: Port COM1 not open
2026-03-06 12:08:33 ERROR root SerialInterface spd6:COM1SendAndWait: Port COM1 not open
2026-03-06 12:08:33 ERROR root SerialInterface spd3:COM1SendAndWait: Port COM1 not open
2026-03-06 12:08:43 ERROR root SerialInterface spd1:COM1SendAndWait: Port COM1 not open
2026-03-06 12:08:43 ERROR root SerialInterface spd5:COM1SendAndWait: Port COM1 not open
2026-03-06 12:08:43 ERROR root SerialInterface spd4:COM1SendAndWait: Port COM1 not open
2026-03-06 12:08:43 ERROR root SerialInterface spd2:COM1SendAndWait: Port COM1 not open
2026-03-06 12:08:43 ERROR root SerialInterface spd6:COM1SendAndWait: Port COM1 not open
2026-03-06 12:08:43 ERROR root SerialInterface spd3:COM1SendAndWait: Port COM1 not open
2026-03-06 12:08:53 ERROR root SerialInterface spd1:COM1SendAndWait: Port COM1 not open
2026-03-06 12:08:53 ERROR root SerialInterface spd5:COM1SendAndWait: Port COM1 not open
2026-03-06 12:08:53 ERROR root SerialInterface spd4:COM1SendAndWait: Port COM1 not open
2026-03-06 12:08:53 ERROR root SerialInterface spd2:COM1SendAndWait: Port COM1 not open
2026-03-06 12:08:53 ERROR root SerialInterface spd6:COM1SendAndWait: Port COM1 not open
2026-03-06 12:08:53 ERROR root SerialInterface spd3:COM1SendAndWait: Port COM1 not open
2026-03-06 12:09:00 ERROR root Debug Server restarted:Listening
2026-03-06 12:09:03 ERROR root SerialInterface spd1:COM1SendAndWait: Port COM1 not open
2026-03-06 12:09:03 ERROR root SerialInterface spd5:COM1SendAndWait: Port COM1 not open
2026-03-06 12:09:03 ERROR root SerialInterface spd4:COM1SendAndWait: Port COM1 not open
2026-03-06 12:09:03 ERROR root SerialInterface spd2:COM1SendAndWait: Port COM1 not open
2026-03-06 12:09:03 ERROR root SerialInterface spd6:COM1SendAndWait: Port COM1 not open
2026-03-06 12:09:03 ERROR root SerialInterface spd3:COM1SendAndWait: Port COM1 not open
2026-03-06 12:09:13 ERROR root SerialInterface spd1:COM1SendAndWait: Port COM1 not open
2026-03-06 12:09:13 ERROR root SerialInterface spd5:COM1SendAndWait: Port COM1 not open
2026-03-06 12:09:13 ERROR root SerialInterface spd4:COM1SendAndWait: Port COM1 not open
2026-03-06 12:09:13 ERROR root SerialInterface spd2:COM1SendAndWait: Port COM1 not open
2026-03-06 12:09:13 ERROR root SerialInterface spd6:COM1SendAndWait: Port COM1 not open
2026-03-06 12:09:13 ERROR root SerialInterface spd3:COM1SendAndWait: Port COM1 not open
2026-03-06 12:09:23 ERROR root SerialInterface spd1:COM1SendAndWait: Port COM1 not open
2026-03-06 12:09:23 ERROR root SerialInterface spd5:COM1SendAndWait: Port COM1 not open
2026-03-06 12:09:23 ERROR root SerialInterface spd4:COM1SendAndWait: Port COM1 not open
2026-03-06 12:09:23 ERROR root SerialInterface spd2:COM1SendAndWait: Port COM1 not open
2026-03-06 12:09:23 ERROR root SerialInterface spd6:COM1SendAndWait: Port COM1 not open
2026-03-06 12:09:23 ERROR root SerialInterface spd3:COM1SendAndWait: Port COM1 not open
2026-03-06 12:09:30 ERROR root Debug Server restarted:Listening
2026-03-06 12:09:33 ERROR root SerialInterface spd1:COM1SendAndWait: Port COM1 not open
2026-03-06 12:09:33 ERROR root SerialInterface spd5:COM1SendAndWait: Port COM1 not open
2026-03-06 12:09:33 ERROR root SerialInterface spd4:COM1SendAndWait: Port COM1 not open
2026-03-06 12:09:33 ERROR root SerialInterface spd2:COM1SendAndWait: Port COM1 not open
2026-03-06 12:09:33 ERROR root SerialInterface spd6:COM1SendAndWait: Port COM1 not open
2026-03-06 12:09:33 ERROR root SerialInterface spd3:COM1SendAndWait: Port COM1 not open
2026-03-06 12:09:43 ERROR root SerialInterface spd1:COM1SendAndWait: Port COM1 not open
2026-03-06 12:09:43 ERROR root SerialInterface spd5:COM1SendAndWait: Port COM1 not open
2026-03-06 12:09:43 ERROR root SerialInterface spd4:COM1SendAndWait: Port COM1 not open
2026-03-06 12:09:43 ERROR root SerialInterface spd2:COM1SendAndWait: Port COM1 not open
2026-03-06 12:09:43 ERROR root SerialInterface spd6:COM1SendAndWait: Port COM1 not open
2026-03-06 12:09:44 ERROR root SerialInterface spd3:COM1SendAndWait: Port COM1 not open
2026-03-06 12:09:53 ERROR root SerialInterface spd1:COM1SendAndWait: Port COM1 not open
2026-03-06 12:09:53 ERROR root SerialInterface spd5:COM1SendAndWait: Port COM1 not open
2026-03-06 12:09:54 ERROR root SerialInterface spd4:COM1SendAndWait: Port COM1 not open
2026-03-06 12:09:54 ERROR root SerialInterface spd2:COM1SendAndWait: Port COM1 not open
2026-03-06 12:09:54 ERROR root SerialInterface spd6:COM1SendAndWait: Port COM1 not open
2026-03-06 12:09:54 ERROR root SerialInterface spd3:COM1SendAndWait: Port COM1 not open
2026-03-06 12:10:00 ERROR root Debug Server restarted:Listening
2026-03-06 12:10:04 ERROR root SerialInterface spd1:COM1SendAndWait: Port COM1 not open
2026-03-06 12:10:04 ERROR root SerialInterface spd5:COM1SendAndWait: Port COM1 not open
2026-03-06 12:10:04 ERROR root SerialInterface spd4:COM1SendAndWait: Port COM1 not open
2026-03-06 12:10:04 ERROR root SerialInterface spd2:COM1SendAndWait: Port COM1 not open
2026-03-06 12:10:04 ERROR root SerialInterface spd6:COM1SendAndWait: Port COM1 not open
2026-03-06 12:10:04 ERROR root SerialInterface spd3:COM1SendAndWait: Port COM1 not open
2026-03-06 12:10:14 ERROR root SerialInterface spd1:COM1SendAndWait: Port COM1 not open
2026-03-06 12:10:14 ERROR root SerialInterface spd5:COM1SendAndWait: Port COM1 not open
2026-03-06 12:10:14 ERROR root SerialInterface spd4:COM1SendAndWait: Port COM1 not open
2026-03-06 12:10:14 ERROR root SerialInterface spd2:COM1SendAndWait: Port COM1 not open
2026-03-06 12:10:14 ERROR root SerialInterface spd6:COM1SendAndWait: Port COM1 not open
2026-03-06 12:10:14 ERROR root SerialInterface spd3:COM1SendAndWait: Port COM1 not open
2026-03-06 12:10:24 ERROR root SerialInterface spd1:COM1SendAndWait: Port COM1 not open
2026-03-06 12:10:24 ERROR root SerialInterface spd5:COM1SendAndWait: Port COM1 not open
2026-03-06 12:10:24 ERROR root SerialInterface spd4:COM1SendAndWait: Port COM1 not open
2026-03-06 12:10:24 ERROR root SerialInterface spd2:COM1SendAndWait: Port COM1 not open
2026-03-06 12:10:24 ERROR root SerialInterface spd6:COM1SendAndWait: Port COM1 not open
2026-03-06 12:10:24 ERROR root SerialInterface spd3:COM1SendAndWait: Port COM1 not open
2026-03-06 12:10:30 ERROR root Debug Server restarted:Listening
2026-03-06 12:10:34 ERROR root SerialInterface spd1:COM1SendAndWait: Port COM1 not open
2026-03-06 12:10:34 ERROR root SerialInterface spd5:COM1SendAndWait: Port COM1 not open
2026-03-06 12:10:34 ERROR root SerialInterface spd4:COM1SendAndWait: Port COM1 not open
2026-03-06 12:10:34 ERROR root SerialInterface spd2:COM1SendAndWait: Port COM1 not open
2026-03-06 12:10:34 ERROR root SerialInterface spd6:COM1SendAndWait: Port COM1 not open
2026-03-06 12:10:34 ERROR root SerialInterface spd3:COM1SendAndWait: Port COM1 not open
2026-03-06 12:10:44 ERROR root SerialInterface spd1:COM1SendAndWait: Port COM1 not open
2026-03-06 12:10:44 ERROR root SerialInterface spd5:COM1SendAndWait: Port COM1 not open
2026-03-06 12:10:44 ERROR root SerialInterface spd4:COM1SendAndWait: Port COM1 not open
2026-03-06 12:10:44 ERROR root SerialInterface spd2:COM1SendAndWait: Port COM1 not open
2026-03-06 12:10:44 ERROR root SerialInterface spd6:COM1SendAndWait: Port COM1 not open
2026-03-06 12:10:44 ERROR root SerialInterface spd3:COM1SendAndWait: Port COM1 not open
2026-03-06 12:10:54 ERROR root SerialInterface spd1:COM1SendAndWait: Port COM1 not open
2026-03-06 12:10:54 ERROR root SerialInterface spd5:COM1SendAndWait: Port COM1 not open
2026-03-06 12:10:54 ERROR root SerialInterface spd4:COM1SendAndWait: Port COM1 not open
2026-03-06 12:10:54 ERROR root SerialInterface spd2:COM1SendAndWait: Port COM1 not open
2026-03-06 12:10:54 ERROR root SerialInterface spd6:COM1SendAndWait: Port COM1 not open
2026-03-06 12:10:54 ERROR root SerialInterface spd3:COM1SendAndWait: Port COM1 not open
2026-03-06 12:11:00 ERROR root Debug Server restarted:Listening
2026-03-06 12:11:04 ERROR root SerialInterface spd1:COM1SendAndWait: Port COM1 not open
2026-03-06 12:11:04 ERROR root SerialInterface spd5:COM1SendAndWait: Port COM1 not open
2026-03-06 12:11:04 ERROR root SerialInterface spd4:COM1SendAndWait: Port COM1 not open
2026-03-06 12:11:04 ERROR root SerialInterface spd6:COM1SendAndWait: Port COM1 not open
2026-03-06 12:11:04 ERROR root SerialInterface spd2:COM1SendAndWait: Port COM1 not open
2026-03-06 12:11:05 ERROR root SerialInterface spd3:COM1SendAndWait: Port COM1 not open
2026-03-06 12:11:14 ERROR root SerialInterface spd1:COM1SendAndWait: Port COM1 not open
2026-03-06 12:11:15 ERROR root SerialInterface spd4:COM1SendAndWait: Port COM1 not open
2026-03-06 12:11:15 ERROR root SerialInterface spd5:COM1SendAndWait: Port COM1 not open
2026-03-06 12:11:15 ERROR root SerialInterface spd6:COM1SendAndWait: Port COM1 not open
2026-03-06 12:11:15 ERROR root SerialInterface spd2:COM1SendAndWait: Port COM1 not open
2026-03-06 12:11:15 ERROR root SerialInterface spd3:COM1SendAndWait: Port COM1 not open
2026-03-06 12:11:25 ERROR root SerialInterface spd1:COM1SendAndWait: Port COM1 not open
2026-03-06 12:11:25 ERROR root SerialInterface spd4:COM1SendAndWait: Port COM1 not open
2026-03-06 12:11:25 ERROR root SerialInterface spd5:COM1SendAndWait: Port COM1 not open
2026-03-06 12:11:25 ERROR root SerialInterface spd6:COM1SendAndWait: Port COM1 not open
2026-03-06 12:11:25 ERROR root SerialInterface spd2:COM1SendAndWait: Port COM1 not open
2026-03-06 12:11:25 ERROR root SerialInterface spd3:COM1SendAndWait: Port COM1 not open
2026-03-06 12:11:30 ERROR root Debug Server restarted:Listening
2026-03-06 12:11:35 ERROR root SerialInterface spd1:COM1SendAndWait: Port COM1 not open
2026-03-06 12:11:35 ERROR root SerialInterface spd4:COM1SendAndWait: Port COM1 not open
2026-03-06 12:11:35 ERROR root SerialInterface spd5:COM1SendAndWait: Port COM1 not open
2026-03-06 12:11:35 ERROR root SerialInterface spd6:COM1SendAndWait: Port COM1 not open
2026-03-06 12:11:35 ERROR root SerialInterface spd2:COM1SendAndWait: Port COM1 not open
2026-03-06 12:11:35 ERROR root SerialInterface spd3:COM1SendAndWait: Port COM1 not open
2026-03-06 12:11:45 ERROR root SerialInterface spd1:COM1SendAndWait: Port COM1 not open
2026-03-06 12:11:45 ERROR root SerialInterface spd4:COM1SendAndWait: Port COM1 not open
2026-03-06 12:11:45 ERROR root SerialInterface spd5:COM1SendAndWait: Port COM1 not open
2026-03-06 12:11:45 ERROR root SerialInterface spd6:COM1SendAndWait: Port COM1 not open
2026-03-06 12:11:45 ERROR root SerialInterface spd2:COM1SendAndWait: Port COM1 not open
2026-03-06 12:11:45 ERROR root SerialInterface spd3:COM1SendAndWait: Port COM1 not open
2026-03-06 12:11:55 ERROR root SerialInterface spd1:COM1SendAndWait: Port COM1 not open
2026-03-06 12:11:55 ERROR root SerialInterface spd4:COM1SendAndWait: Port COM1 not open
2026-03-06 12:11:55 ERROR root SerialInterface spd5:COM1SendAndWait: Port COM1 not open
2026-03-06 12:11:55 ERROR root SerialInterface spd6:COM1SendAndWait: Port COM1 not open
2026-03-06 12:11:55 ERROR root SerialInterface spd2:COM1SendAndWait: Port COM1 not open
2026-03-06 12:11:55 ERROR root SerialInterface spd3:COM1SendAndWait: Port COM1 not open
2026-03-06 12:12:00 ERROR root Debug Server restarted:Listening
2026-03-06 12:12:05 ERROR root SerialInterface spd1:COM1SendAndWait: Port COM1 not open
2026-03-06 12:12:05 ERROR root SerialInterface spd4:COM1SendAndWait: Port COM1 not open
2026-03-06 12:12:05 ERROR root SerialInterface spd5:COM1SendAndWait: Port COM1 not open
2026-03-06 12:12:05 ERROR root SerialInterface spd6:COM1SendAndWait: Port COM1 not open
2026-03-06 12:12:05 ERROR root SerialInterface spd2:COM1SendAndWait: Port COM1 not open
2026-03-06 12:12:05 ERROR root SerialInterface spd3:COM1SendAndWait: Port COM1 not open
2026-03-06 12:12:15 ERROR root SerialInterface spd1:COM1SendAndWait: Port COM1 not open
2026-03-06 12:12:15 ERROR root SerialInterface spd4:COM1SendAndWait: Port COM1 not open
2026-03-06 12:12:15 ERROR root SerialInterface spd5:COM1SendAndWait: Port COM1 not open
2026-03-06 12:12:15 ERROR root SerialInterface spd6:COM1SendAndWait: Port COM1 not open
2026-03-06 12:12:15 ERROR root SerialInterface spd2:COM1SendAndWait: Port COM1 not open
2026-03-06 12:12:15 ERROR root SerialInterface spd3:COM1SendAndWait: Port COM1 not open
2026-03-06 12:12:25 ERROR root SerialInterface spd1:COM1SendAndWait: Port COM1 not open
2026-03-06 12:12:25 ERROR root SerialInterface spd4:COM1SendAndWait: Port COM1 not open
2026-03-06 12:12:25 ERROR root SerialInterface spd5:COM1SendAndWait: Port COM1 not open
2026-03-06 12:12:25 ERROR root SerialInterface spd6:COM1SendAndWait: Port COM1 not open
2026-03-06 12:12:26 ERROR root SerialInterface spd2:COM1SendAndWait: Port COM1 not open
2026-03-06 12:12:26 ERROR root SerialInterface spd3:COM1SendAndWait: Port COM1 not open
2026-03-06 12:12:30 ERROR root Debug Server restarted:Listening
2026-03-06 12:12:35 ERROR root SerialInterface spd1:COM1SendAndWait: Port COM1 not open
2026-03-06 12:12:36 ERROR root SerialInterface spd4:COM1SendAndWait: Port COM1 not open
2026-03-06 12:12:36 ERROR root SerialInterface spd5:COM1SendAndWait: Port COM1 not open
2026-03-06 12:12:36 ERROR root SerialInterface spd6:COM1SendAndWait: Port COM1 not open
2026-03-06 12:12:36 ERROR root SerialInterface spd2:COM1SendAndWait: Port COM1 not open
2026-03-06 12:12:36 ERROR root SerialInterface spd3:COM1SendAndWait: Port COM1 not open
2026-03-06 12:12:46 ERROR root SerialInterface spd1:COM1SendAndWait: Port COM1 not open
2026-03-06 12:12:46 ERROR root SerialInterface spd4:COM1SendAndWait: Port COM1 not open
2026-03-06 12:12:46 ERROR root SerialInterface spd5:COM1SendAndWait: Port COM1 not open
2026-03-06 12:12:46 ERROR root SerialInterface spd6:COM1SendAndWait: Port COM1 not open
2026-03-06 12:12:46 ERROR root SerialInterface spd2:COM1SendAndWait: Port COM1 not open
2026-03-06 12:12:46 ERROR root SerialInterface spd3:COM1SendAndWait: Port COM1 not open
2026-03-06 12:12:56 ERROR root SerialInterface spd1:COM1SendAndWait: Port COM1 not open
2026-03-06 12:12:56 ERROR root SerialInterface spd4:COM1SendAndWait: Port COM1 not open
2026-03-06 12:12:56 ERROR root SerialInterface spd5:COM1SendAndWait: Port COM1 not open
2026-03-06 12:12:56 ERROR root SerialInterface spd6:COM1SendAndWait: Port COM1 not open
2026-03-06 12:12:56 ERROR root SerialInterface spd2:COM1SendAndWait: Port COM1 not open
2026-03-06 12:12:56 ERROR root SerialInterface spd3:COM1SendAndWait: Port COM1 not open
2026-03-06 12:13:00 ERROR root Debug Server restarted:Listening
2026-03-06 12:13:06 ERROR root SerialInterface spd1:COM1SendAndWait: Port COM1 not open
2026-03-06 12:13:06 ERROR root SerialInterface spd4:COM1SendAndWait: Port COM1 not open
2026-03-06 12:13:06 ERROR root SerialInterface spd5:COM1SendAndWait: Port COM1 not open
2026-03-06 12:13:06 ERROR root SerialInterface spd6:COM1SendAndWait: Port COM1 not open
2026-03-06 12:13:06 ERROR root SerialInterface spd2:COM1SendAndWait: Port COM1 not open
2026-03-06 12:13:06 ERROR root SerialInterface spd3:COM1SendAndWait: Port COM1 not open
2026-03-06 12:13:16 ERROR root SerialInterface spd1:COM1SendAndWait: Port COM1 not open
2026-03-06 12:13:16 ERROR root SerialInterface spd4:COM1SendAndWait: Port COM1 not open
2026-03-06 12:13:16 ERROR root SerialInterface spd5:COM1SendAndWait: Port COM1 not open
2026-03-06 12:13:16 ERROR root SerialInterface spd6:COM1SendAndWait: Port COM1 not open
2026-03-06 12:13:16 ERROR root SerialInterface spd2:COM1SendAndWait: Port COM1 not open
2026-03-06 12:13:16 ERROR root SerialInterface spd3:COM1SendAndWait: Port COM1 not open
2026-03-06 12:13:26 ERROR root SerialInterface spd1:COM1SendAndWait: Port COM1 not open
2026-03-06 12:13:26 ERROR root SerialInterface spd4:COM1SendAndWait: Port COM1 not open
2026-03-06 12:13:26 ERROR root SerialInterface spd5:COM1SendAndWait: Port COM1 not open
2026-03-06 12:13:26 ERROR root SerialInterface spd6:COM1SendAndWait: Port COM1 not open
2026-03-06 12:13:26 ERROR root SerialInterface spd2:COM1SendAndWait: Port COM1 not open
2026-03-06 12:13:26 ERROR root SerialInterface spd3:COM1SendAndWait: Port COM1 not open
2026-03-06 12:13:30 ERROR root Debug Server restarted:Listening
2026-03-06 12:13:36 ERROR root SerialInterface spd1:COM1SendAndWait: Port COM1 not open
2026-03-06 12:13:36 ERROR root SerialInterface spd4:COM1SendAndWait: Port COM1 not open
2026-03-06 12:13:36 ERROR root SerialInterface spd5:COM1SendAndWait: Port COM1 not open
2026-03-06 12:13:36 ERROR root SerialInterface spd6:COM1SendAndWait: Port COM1 not open
2026-03-06 12:13:36 ERROR root SerialInterface spd2:COM1SendAndWait: Port COM1 not open
2026-03-06 12:13:36 ERROR root SerialInterface spd3:COM1SendAndWait: Port COM1 not open
2026-03-06 12:13:46 ERROR root SerialInterface spd1:COM1SendAndWait: Port COM1 not open
2026-03-06 12:13:46 ERROR root SerialInterface spd4:COM1SendAndWait: Port COM1 not open
2026-03-06 12:13:46 ERROR root SerialInterface spd5:COM1SendAndWait: Port COM1 not open
2026-03-06 12:13:47 ERROR root SerialInterface spd6:COM1SendAndWait: Port COM1 not open
2026-03-06 12:13:47 ERROR root SerialInterface spd2:COM1SendAndWait: Port COM1 not open
2026-03-06 12:13:47 ERROR root SerialInterface spd3:COM1SendAndWait: Port COM1 not open
2026-03-06 12:13:56 ERROR root SerialInterface spd1:COM1SendAndWait: Port COM1 not open
2026-03-06 12:13:56 ERROR root SerialInterface spd4:COM1SendAndWait: Port COM1 not open
2026-03-06 12:13:57 ERROR root SerialInterface spd5:COM1SendAndWait: Port COM1 not open
2026-03-06 12:13:57 ERROR root SerialInterface spd6:COM1SendAndWait: Port COM1 not open
2026-03-06 12:13:57 ERROR root SerialInterface spd2:COM1SendAndWait: Port COM1 not open
2026-03-06 12:13:57 ERROR root SerialInterface spd3:COM1SendAndWait: Port COM1 not open
2026-03-06 12:14:00 ERROR root Debug Server restarted:Listening
2026-03-06 12:14:07 ERROR root SerialInterface spd1:COM1SendAndWait: Port COM1 not open
2026-03-06 12:14:07 ERROR root SerialInterface spd4:COM1SendAndWait: Port COM1 not open
2026-03-06 12:14:07 ERROR root SerialInterface spd5:COM1SendAndWait: Port COM1 not open
2026-03-06 12:14:07 ERROR root SerialInterface spd6:COM1SendAndWait: Port COM1 not open
2026-03-06 12:14:07 ERROR root SerialInterface spd2:COM1SendAndWait: Port COM1 not open
2026-03-06 12:14:07 ERROR root SerialInterface spd3:COM1SendAndWait: Port COM1 not open
2026-03-06 12:14:17 ERROR root SerialInterface spd1:COM1SendAndWait: Port COM1 not open
2026-03-06 12:14:17 ERROR root SerialInterface spd4:COM1SendAndWait: Port COM1 not open
2026-03-06 12:14:17 ERROR root SerialInterface spd5:COM1SendAndWait: Port COM1 not open
2026-03-06 12:14:17 ERROR root SerialInterface spd6:COM1SendAndWait: Port COM1 not open
2026-03-06 12:14:17 ERROR root SerialInterface spd2:COM1SendAndWait: Port COM1 not open
2026-03-06 12:14:17 ERROR root SerialInterface spd3:COM1SendAndWait: Port COM1 not open
2026-03-06 12:14:27 ERROR root SerialInterface spd1:COM1SendAndWait: Port COM1 not open
2026-03-06 12:14:27 ERROR root SerialInterface spd4:COM1SendAndWait: Port COM1 not open
2026-03-06 12:14:27 ERROR root SerialInterface spd5:COM1SendAndWait: Port COM1 not open
2026-03-06 12:14:27 ERROR root SerialInterface spd6:COM1SendAndWait: Port COM1 not open
2026-03-06 12:14:27 ERROR root SerialInterface spd2:COM1SendAndWait: Port COM1 not open
2026-03-06 12:14:27 ERROR root SerialInterface spd3:COM1SendAndWait: Port COM1 not open
2026-03-06 12:14:30 ERROR root Debug Server restarted:Listening
2026-03-06 12:14:37 ERROR root SerialInterface spd1:COM1SendAndWait: Port COM1 not open
2026-03-06 12:14:37 ERROR root SerialInterface spd4:COM1SendAndWait: Port COM1 not open
2026-03-06 12:14:37 ERROR root SerialInterface spd5:COM1SendAndWait: Port COM1 not open
2026-03-06 12:14:37 ERROR root SerialInterface spd6:COM1SendAndWait: Port COM1 not open
2026-03-06 12:14:37 ERROR root SerialInterface spd2:COM1SendAndWait: Port COM1 not open
2026-03-06 12:14:37 ERROR root SerialInterface spd3:COM1SendAndWait: Port COM1 not open
2026-03-06 12:14:47 ERROR root SerialInterface spd1:COM1SendAndWait: Port COM1 not open
2026-03-06 12:14:47 ERROR root SerialInterface spd4:COM1SendAndWait: Port COM1 not open
2026-03-06 12:14:47 ERROR root SerialInterface spd5:COM1SendAndWait: Port COM1 not open
2026-03-06 12:14:47 ERROR root SerialInterface spd6:COM1SendAndWait: Port COM1 not open
2026-03-06 12:14:47 ERROR root SerialInterface spd2:COM1SendAndWait: Port COM1 not open
2026-03-06 12:14:47 ERROR root SerialInterface spd3:COM1SendAndWait: Port COM1 not open
2026-03-06 12:14:57 ERROR root SerialInterface spd1:COM1SendAndWait: Port COM1 not open
2026-03-06 12:14:57 ERROR root SerialInterface spd4:COM1SendAndWait: Port COM1 not open
2026-03-06 12:14:57 ERROR root SerialInterface spd5:COM1SendAndWait: Port COM1 not open
2026-03-06 12:14:57 ERROR root SerialInterface spd6:COM1SendAndWait: Port COM1 not open
2026-03-06 12:14:57 ERROR root SerialInterface spd2:COM1SendAndWait: Port COM1 not open
2026-03-06 12:14:57 ERROR root SerialInterface spd3:COM1SendAndWait: Port COM1 not open
2026-03-06 12:15:00 ERROR root Debug Server restarted:Listening
2026-03-06 12:15:07 ERROR root SerialInterface spd1:COM1SendAndWait: Port COM1 not open
2026-03-06 12:15:07 ERROR root SerialInterface spd4:COM1SendAndWait: Port COM1 not open
2026-03-06 12:15:08 ERROR root SerialInterface spd5:COM1SendAndWait: Port COM1 not open
2026-03-06 12:15:08 ERROR root SerialInterface spd6:COM1SendAndWait: Port COM1 not open
2026-03-06 12:15:08 ERROR root SerialInterface spd2:COM1SendAndWait: Port COM1 not open
2026-03-06 12:15:08 ERROR root SerialInterface spd3:COM1SendAndWait: Port COM1 not open
2026-03-06 12:15:18 ERROR root SerialInterface spd2:COM1SendAndWait: Port COM1 not open
2026-03-06 12:15:18 ERROR root SerialInterface spd5:COM1SendAndWait: Port COM1 not open
2026-03-06 12:15:18 ERROR root SerialInterface spd6:COM1SendAndWait: Port COM1 not open
2026-03-06 12:15:18 ERROR root SerialInterface spd1:COM1SendAndWait: Port COM1 not open
2026-03-06 12:15:18 ERROR root SerialInterface spd4:COM1SendAndWait: Port COM1 not open
2026-03-06 12:15:18 ERROR root SerialInterface spd3:COM1SendAndWait: Port COM1 not open
2026-03-06 12:15:28 ERROR root SerialInterface spd2:COM1SendAndWait: Port COM1 not open
2026-03-06 12:15:28 ERROR root SerialInterface spd5:COM1SendAndWait: Port COM1 not open
2026-03-06 12:15:28 ERROR root SerialInterface spd1:COM1SendAndWait: Port COM1 not open
2026-03-06 12:15:28 ERROR root SerialInterface spd4:COM1SendAndWait: Port COM1 not open
2026-03-06 12:15:28 ERROR root SerialInterface spd6:COM1SendAndWait: Port COM1 not open
2026-03-06 12:15:28 ERROR root SerialInterface spd3:COM1SendAndWait: Port COM1 not open
2026-03-06 12:15:30 ERROR root Debug Server restarted:Listening
2026-03-06 12:15:38 ERROR root SerialInterface spd2:COM1SendAndWait: Port COM1 not open
2026-03-06 12:15:38 ERROR root SerialInterface spd5:COM1SendAndWait: Port COM1 not open
2026-03-06 12:15:38 ERROR root SerialInterface spd1:COM1SendAndWait: Port COM1 not open
2026-03-06 12:15:38 ERROR root SerialInterface spd4:COM1SendAndWait: Port COM1 not open
2026-03-06 12:15:38 ERROR root SerialInterface spd6:COM1SendAndWait: Port COM1 not open
2026-03-06 12:15:38 ERROR root SerialInterface spd3:COM1SendAndWait: Port COM1 not open
2026-03-06 12:15:48 ERROR root SerialInterface spd2:COM1SendAndWait: Port COM1 not open
2026-03-06 12:15:48 ERROR root SerialInterface spd5:COM1SendAndWait: Port COM1 not open
2026-03-06 12:15:48 ERROR root SerialInterface spd1:COM1SendAndWait: Port COM1 not open
2026-03-06 12:15:48 ERROR root SerialInterface spd4:COM1SendAndWait: Port COM1 not open
2026-03-06 12:15:48 ERROR root SerialInterface spd6:COM1SendAndWait: Port COM1 not open
2026-03-06 12:15:48 ERROR root SerialInterface spd3:COM1SendAndWait: Port COM1 not open
2026-03-06 12:15:58 ERROR root SerialInterface spd2:COM1SendAndWait: Port COM1 not open
2026-03-06 12:15:58 ERROR root SerialInterface spd5:COM1SendAndWait: Port COM1 not open
2026-03-06 12:15:58 ERROR root SerialInterface spd1:COM1SendAndWait: Port COM1 not open
2026-03-06 12:15:58 ERROR root SerialInterface spd4:COM1SendAndWait: Port COM1 not open
2026-03-06 12:15:58 ERROR root SerialInterface spd6:COM1SendAndWait: Port COM1 not open
2026-03-06 12:15:59 ERROR root SerialInterface spd3:COM1SendAndWait: Port COM1 not open
2026-03-06 12:16:00 ERROR root Debug Server restarted:Listening
