2026-03-06 10:47:17 INFO root Start primary API version 1.10.0.11
2026-03-06 10:47:17 INFO root loading script: main
2026-03-06 10:47:19 INFO root successfully loaded script: main
2026-03-06 10:47:46 ERROR root EXCEPTION:NonvolatileValues:ReadValues:Traceback (most recent call last):
  File "c:\Users\manyr\OneDrive\Desktop\Chris system\Server\source\tools.py", line 403, in ReadValues
    values = _json.load(f)
  File "C:\Python\Python310\lib\json\__init__.py", line 293, in load
    return loads(fp.read(),
  File "C:\Python\Python310\lib\json\__init__.py", line 346, in loads
    return _default_decoder.decode(s)
  File "C:\Python\Python310\lib\json\decoder.py", line 337, in decode
    obj, end = self.raw_decode(s, idx=_w(s, 0).end())
  File "C:\Python\Python310\lib\json\decoder.py", line 355, in raw_decode
    raise JSONDecodeError("Expecting value", s, err.value) from None
json.decoder.JSONDecodeError: Expecting value: line 1 column 1 (char 0)
:deleting corrupted file
2026-03-06 10:48:16 ERROR root Debug Server restarted:Listening
2026-03-06 10:48:46 ERROR root Debug Server restarted:Listening
2026-03-06 10:49:16 ERROR root Debug Server restarted:Listening
2026-03-06 10:49:46 ERROR root Debug Server restarted:Listening
2026-03-06 10:50:16 ERROR root Debug Server restarted:Listening
2026-03-06 10:50:46 ERROR root Debug Server restarted:Listening
2026-03-06 10:51:16 ERROR root Debug Server restarted:Listening
2026-03-06 10:51:46 ERROR root Debug Server restarted:Listening
2026-03-06 10:52:16 ERROR root Debug Server restarted:Listening
2026-03-06 10:52:46 ERROR root Debug Server restarted:Listening
2026-03-06 10:52:47 INFO root Device 22-0 VTLP sync handling began
2026-03-06 10:52:47 INFO root Device 22-0 VTLP sync handling ended
2026-03-06 10:53:16 ERROR root Debug Server restarted:Listening
2026-03-06 10:53:43 ERROR root Device 2-0 (None)  SPInterface Operable Unavailable port :AVI1 , connections status: Offline
2026-03-06 10:53:46 ERROR root Debug Server restarted:Listening
2026-03-06 10:53:56 ERROR root SerialInterface spd1:COM1 Unavailable Port: COM1
2026-03-06 10:53:56 ERROR root SerialInterface spd1:COM1Device 3-0 (None)  Unavailable Port: COM1 , connections status Offline
2026-03-06 10:54:08 ERROR root SerialInterface spd2:COM1 Unavailable Port: COM1
2026-03-06 10:54:08 ERROR root SerialInterface spd2:COM1Device 4-0 (None)  Unavailable Port: COM1 , connections status Offline
2026-03-06 10:54:16 ERROR root Debug Server restarted:Listening
2026-03-06 10:54:20 ERROR root SerialInterface spd3:COM1 Unavailable Port: COM1
2026-03-06 10:54:20 ERROR root SerialInterface spd3:COM1Device 5-0 (None)  Unavailable Port: COM1 , connections status Offline
2026-03-06 10:54:33 ERROR root SerialInterface spd4:COM1 Unavailable Port: COM1
2026-03-06 10:54:33 ERROR root SerialInterface spd4:COM1Device 6-0 (None)  Unavailable Port: COM1 , connections status Offline
2026-03-06 10:54:45 ERROR root SerialInterface spd5:COM1 Unavailable Port: COM1
2026-03-06 10:54:45 ERROR root SerialInterface spd5:COM1Device 7-0 (None)  Unavailable Port: COM1 , connections status Offline
2026-03-06 10:54:46 ERROR root Debug Server restarted:Listening
2026-03-06 10:54:57 ERROR root SerialInterface spd6:COM1 Unavailable Port: COM1
2026-03-06 10:54:57 ERROR root SerialInterface spd6:COM1Device 8-0 (None)  Unavailable Port: COM1 , connections status Offline
2026-03-06 10:55:06 ERROR root Device 10-0 (None)  Unavailable Port: IRS1 , connections status Offline
2026-03-06 10:55:16 ERROR root Device 11-0 (None)  Unavailable Port: IRS1 , connections status Offline
2026-03-06 10:55:16 ERROR root Debug Server restarted:Listening
2026-03-06 10:55:25 ERROR root Device 12-0 (None)  Unavailable Port: IRS1 , connections status Offline
2026-03-06 10:55:35 ERROR root Device 13-0 (None)  Unavailable Port: IRS1 , connections status Offline
2026-03-06 10:55:44 ERROR root Device 14-0 (None)  Unavailable Port: IRS1 , connections status Offline
2026-03-06 10:55:46 ERROR root Debug Server restarted:Listening
2026-03-06 10:55:53 ERROR root Device 15-0 (None)  Unavailable Port: IRS1 , connections status Offline
2026-03-06 10:55:55 ERROR root SerialInterface spd3:COM1SendAndWait: Port COM1 not open
2026-03-06 10:55:55 ERROR root SerialInterface spd4:COM1SendAndWait: Port COM1 not open
2026-03-06 10:55:55 ERROR root SerialInterface spd6:COM1SendAndWait: Port COM1 not open
2026-03-06 10:55:55 ERROR root SerialInterface spd5:COM1SendAndWait: Port COM1 not open
2026-03-06 10:55:55 ERROR root SerialInterface spd1:COM1SendAndWait: Port COM1 not open
2026-03-06 10:55:55 ERROR root SerialInterface spd2:COM1SendAndWait: Port COM1 not open
2026-03-06 10:56:04 ERROR root EXCEPTION:NonvolatileValues:ReadValues:Traceback (most recent call last):
  File "c:\Users\manyr\OneDrive\Desktop\Chris system\Server\source\tools.py", line 403, in ReadValues
    values = _json.load(f)
  File "C:\Python\Python310\lib\json\__init__.py", line 293, in load
    return loads(fp.read(),
  File "C:\Python\Python310\lib\json\__init__.py", line 346, in loads
    return _default_decoder.decode(s)
  File "C:\Python\Python310\lib\json\decoder.py", line 337, in decode
    obj, end = self.raw_decode(s, idx=_w(s, 0).end())
  File "C:\Python\Python310\lib\json\decoder.py", line 355, in raw_decode
    raise JSONDecodeError("Expecting value", s, err.value) from None
json.decoder.JSONDecodeError: Expecting value: line 1 column 1 (char 0)
:deleting corrupted file
2026-03-06 10:56:05 ERROR root SerialInterface spd3:COM1SendAndWait: Port COM1 not open
2026-03-06 10:56:05 ERROR root SerialInterface spd2:COM1SendAndWait: Port COM1 not open
2026-03-06 10:56:05 ERROR root SerialInterface spd5:COM1SendAndWait: Port COM1 not open
2026-03-06 10:56:05 ERROR root SerialInterface spd1:COM1SendAndWait: Port COM1 not open
2026-03-06 10:56:05 ERROR root SerialInterface spd6:COM1SendAndWait: Port COM1 not open
2026-03-06 10:56:05 ERROR root SerialInterface spd4:COM1SendAndWait: Port COM1 not open
2026-03-06 10:56:16 ERROR root SerialInterface spd3:COM1SendAndWait: Port COM1 not open
2026-03-06 10:56:16 ERROR root SerialInterface spd2:COM1SendAndWait: Port COM1 not open
2026-03-06 10:56:16 ERROR root SerialInterface spd5:COM1SendAndWait: Port COM1 not open
2026-03-06 10:56:16 ERROR root SerialInterface spd1:COM1SendAndWait: Port COM1 not open
2026-03-06 10:56:16 ERROR root SerialInterface spd4:COM1SendAndWait: Port COM1 not open
2026-03-06 10:56:16 ERROR root SerialInterface spd6:COM1SendAndWait: Port COM1 not open
2026-03-06 10:56:16 ERROR root Debug Server restarted:Listening
2026-03-06 10:56:26 ERROR root SerialInterface spd3:COM1SendAndWait: Port COM1 not open
2026-03-06 10:56:26 ERROR root SerialInterface spd2:COM1SendAndWait: Port COM1 not open
2026-03-06 10:56:26 ERROR root SerialInterface spd5:COM1SendAndWait: Port COM1 not open
2026-03-06 10:56:26 ERROR root SerialInterface spd1:COM1SendAndWait: Port COM1 not open
2026-03-06 10:56:26 ERROR root SerialInterface spd4:COM1SendAndWait: Port COM1 not open
2026-03-06 10:56:26 ERROR root SerialInterface spd6:COM1SendAndWait: Port COM1 not open
2026-03-06 10:56:36 ERROR root SerialInterface spd3:COM1SendAndWait: Port COM1 not open
2026-03-06 10:56:36 ERROR root SerialInterface spd2:COM1SendAndWait: Port COM1 not open
2026-03-06 10:56:36 ERROR root SerialInterface spd5:COM1SendAndWait: Port COM1 not open
2026-03-06 10:56:36 ERROR root SerialInterface spd1:COM1SendAndWait: Port COM1 not open
2026-03-06 10:56:36 ERROR root SerialInterface spd4:COM1SendAndWait: Port COM1 not open
2026-03-06 10:56:36 ERROR root SerialInterface spd6:COM1SendAndWait: Port COM1 not open
2026-03-06 10:56:46 ERROR root SerialInterface spd2:COM1SendAndWait: Port COM1 not open
2026-03-06 10:56:46 ERROR root SerialInterface spd3:COM1SendAndWait: Port COM1 not open
2026-03-06 10:56:46 ERROR root SerialInterface spd5:COM1SendAndWait: Port COM1 not open
2026-03-06 10:56:46 ERROR root SerialInterface spd1:COM1SendAndWait: Port COM1 not open
2026-03-06 10:56:46 ERROR root SerialInterface spd4:COM1SendAndWait: Port COM1 not open
2026-03-06 10:56:46 ERROR root SerialInterface spd6:COM1SendAndWait: Port COM1 not open
2026-03-06 10:56:46 ERROR root Debug Server restarted:Listening
2026-03-06 10:56:56 ERROR root SerialInterface spd2:COM1SendAndWait: Port COM1 not open
2026-03-06 10:56:56 ERROR root SerialInterface spd3:COM1SendAndWait: Port COM1 not open
2026-03-06 10:56:56 ERROR root SerialInterface spd1:COM1SendAndWait: Port COM1 not open
2026-03-06 10:56:56 ERROR root SerialInterface spd5:COM1SendAndWait: Port COM1 not open
2026-03-06 10:56:56 ERROR root SerialInterface spd4:COM1SendAndWait: Port COM1 not open
2026-03-06 10:56:56 ERROR root SerialInterface spd6:COM1SendAndWait: Port COM1 not open
2026-03-06 10:57:06 ERROR root SerialInterface spd2:COM1SendAndWait: Port COM1 not open
2026-03-06 10:57:06 ERROR root SerialInterface spd3:COM1SendAndWait: Port COM1 not open
2026-03-06 10:57:06 ERROR root SerialInterface spd5:COM1SendAndWait: Port COM1 not open
2026-03-06 10:57:06 ERROR root SerialInterface spd1:COM1SendAndWait: Port COM1 not open
2026-03-06 10:57:07 ERROR root SerialInterface spd4:COM1SendAndWait: Port COM1 not open
2026-03-06 10:57:07 ERROR root SerialInterface spd6:COM1SendAndWait: Port COM1 not open
2026-03-06 10:57:16 ERROR root Debug Server restarted:Listening
2026-03-06 10:57:17 ERROR root SerialInterface spd2:COM1SendAndWait: Port COM1 not open
2026-03-06 10:57:17 ERROR root SerialInterface spd3:COM1SendAndWait: Port COM1 not open
2026-03-06 10:57:17 ERROR root SerialInterface spd1:COM1SendAndWait: Port COM1 not open
2026-03-06 10:57:17 ERROR root SerialInterface spd5:COM1SendAndWait: Port COM1 not open
2026-03-06 10:57:17 ERROR root SerialInterface spd4:COM1SendAndWait: Port COM1 not open
2026-03-06 10:57:17 ERROR root SerialInterface spd6:COM1SendAndWait: Port COM1 not open
2026-03-06 10:57:27 ERROR root SerialInterface spd2:COM1SendAndWait: Port COM1 not open
2026-03-06 10:57:27 ERROR root SerialInterface spd3:COM1SendAndWait: Port COM1 not open
2026-03-06 10:57:27 ERROR root SerialInterface spd5:COM1SendAndWait: Port COM1 not open
2026-03-06 10:57:27 ERROR root SerialInterface spd1:COM1SendAndWait: Port COM1 not open
2026-03-06 10:57:27 ERROR root SerialInterface spd6:COM1SendAndWait: Port COM1 not open
2026-03-06 10:57:27 ERROR root SerialInterface spd4:COM1SendAndWait: Port COM1 not open
2026-03-06 10:57:37 ERROR root SerialInterface spd2:COM1SendAndWait: Port COM1 not open
2026-03-06 10:57:37 ERROR root SerialInterface spd3:COM1SendAndWait: Port COM1 not open
2026-03-06 10:57:37 ERROR root SerialInterface spd5:COM1SendAndWait: Port COM1 not open
2026-03-06 10:57:37 ERROR root SerialInterface spd1:COM1SendAndWait: Port COM1 not open
2026-03-06 10:57:37 ERROR root SerialInterface spd4:COM1SendAndWait: Port COM1 not open
2026-03-06 10:57:37 ERROR root SerialInterface spd6:COM1SendAndWait: Port COM1 not open
2026-03-06 10:57:46 ERROR root Debug Server restarted:Listening
2026-03-06 10:57:47 ERROR root SerialInterface spd2:COM1SendAndWait: Port COM1 not open
2026-03-06 10:57:47 ERROR root SerialInterface spd3:COM1SendAndWait: Port COM1 not open
2026-03-06 10:57:47 ERROR root SerialInterface spd5:COM1SendAndWait: Port COM1 not open
2026-03-06 10:57:47 ERROR root SerialInterface spd1:COM1SendAndWait: Port COM1 not open
2026-03-06 10:57:47 ERROR root SerialInterface spd4:COM1SendAndWait: Port COM1 not open
2026-03-06 10:57:47 ERROR root SerialInterface spd6:COM1SendAndWait: Port COM1 not open
2026-03-06 10:57:57 ERROR root SerialInterface spd2:COM1SendAndWait: Port COM1 not open
2026-03-06 10:57:57 ERROR root SerialInterface spd3:COM1SendAndWait: Port COM1 not open
2026-03-06 10:57:58 ERROR root SerialInterface spd5:COM1SendAndWait: Port COM1 not open
2026-03-06 10:57:58 ERROR root SerialInterface spd4:COM1SendAndWait: Port COM1 not open
2026-03-06 10:57:58 ERROR root SerialInterface spd1:COM1SendAndWait: Port COM1 not open
2026-03-06 10:57:58 ERROR root SerialInterface spd6:COM1SendAndWait: Port COM1 not open
2026-03-06 10:58:08 ERROR root SerialInterface spd2:COM1SendAndWait: Port COM1 not open
2026-03-06 10:58:08 ERROR root SerialInterface spd3:COM1SendAndWait: Port COM1 not open
2026-03-06 10:58:08 ERROR root SerialInterface spd5:COM1SendAndWait: Port COM1 not open
2026-03-06 10:58:08 ERROR root SerialInterface spd4:COM1SendAndWait: Port COM1 not open
2026-03-06 10:58:08 ERROR root SerialInterface spd1:COM1SendAndWait: Port COM1 not open
2026-03-06 10:58:08 ERROR root SerialInterface spd6:COM1SendAndWait: Port COM1 not open
2026-03-06 10:58:16 ERROR root Debug Server restarted:Listening
2026-03-06 10:58:18 ERROR root SerialInterface spd2:COM1SendAndWait: Port COM1 not open
2026-03-06 10:58:18 ERROR root SerialInterface spd3:COM1SendAndWait: Port COM1 not open
2026-03-06 10:58:18 ERROR root SerialInterface spd5:COM1SendAndWait: Port COM1 not open
2026-03-06 10:58:18 ERROR root SerialInterface spd4:COM1SendAndWait: Port COM1 not open
2026-03-06 10:58:18 ERROR root SerialInterface spd1:COM1SendAndWait: Port COM1 not open
2026-03-06 10:58:18 ERROR root SerialInterface spd6:COM1SendAndWait: Port COM1 not open
2026-03-06 10:58:28 ERROR root SerialInterface spd2:COM1SendAndWait: Port COM1 not open
2026-03-06 10:58:28 ERROR root SerialInterface spd3:COM1SendAndWait: Port COM1 not open
2026-03-06 10:58:28 ERROR root SerialInterface spd5:COM1SendAndWait: Port COM1 not open
2026-03-06 10:58:28 ERROR root SerialInterface spd4:COM1SendAndWait: Port COM1 not open
2026-03-06 10:58:28 ERROR root SerialInterface spd1:COM1SendAndWait: Port COM1 not open
2026-03-06 10:58:28 ERROR root SerialInterface spd6:COM1SendAndWait: Port COM1 not open
2026-03-06 10:58:38 ERROR root SerialInterface spd2:COM1SendAndWait: Port COM1 not open
2026-03-06 10:58:38 ERROR root SerialInterface spd3:COM1SendAndWait: Port COM1 not open
2026-03-06 10:58:38 ERROR root SerialInterface spd5:COM1SendAndWait: Port COM1 not open
2026-03-06 10:58:38 ERROR root SerialInterface spd4:COM1SendAndWait: Port COM1 not open
2026-03-06 10:58:38 ERROR root SerialInterface spd1:COM1SendAndWait: Port COM1 not open
2026-03-06 10:58:38 ERROR root SerialInterface spd6:COM1SendAndWait: Port COM1 not open
2026-03-06 10:58:46 ERROR root Debug Server restarted:Listening
2026-03-06 10:58:48 ERROR root SerialInterface spd2:COM1SendAndWait: Port COM1 not open
2026-03-06 10:58:48 ERROR root SerialInterface spd3:COM1SendAndWait: Port COM1 not open
2026-03-06 10:58:48 ERROR root SerialInterface spd5:COM1SendAndWait: Port COM1 not open
2026-03-06 10:58:49 ERROR root SerialInterface spd4:COM1SendAndWait: Port COM1 not open
2026-03-06 10:58:49 ERROR root SerialInterface spd1:COM1SendAndWait: Port COM1 not open
2026-03-06 10:58:49 ERROR root SerialInterface spd6:COM1SendAndWait: Port COM1 not open
2026-03-06 10:58:52 INFO root Device 22-0 VTLP sync handling began
2026-03-06 10:58:52 INFO root Device 22-0 VTLP sync handling ended
2026-03-06 10:58:52 ERROR root Control ID 0 not defined
2026-03-06 10:58:59 ERROR root SerialInterface spd2:COM1SendAndWait: Port COM1 not open
2026-03-06 10:58:59 ERROR root SerialInterface spd3:COM1SendAndWait: Port COM1 not open
2026-03-06 10:58:59 ERROR root SerialInterface spd5:COM1SendAndWait: Port COM1 not open
2026-03-06 10:58:59 ERROR root SerialInterface spd4:COM1SendAndWait: Port COM1 not open
2026-03-06 10:58:59 ERROR root SerialInterface spd6:COM1SendAndWait: Port COM1 not open
2026-03-06 10:58:59 ERROR root SerialInterface spd1:COM1SendAndWait: Port COM1 not open
2026-03-06 10:59:09 ERROR root SerialInterface spd2:COM1SendAndWait: Port COM1 not open
2026-03-06 10:59:09 ERROR root SerialInterface spd3:COM1SendAndWait: Port COM1 not open
2026-03-06 10:59:09 ERROR root SerialInterface spd5:COM1SendAndWait: Port COM1 not open
2026-03-06 10:59:09 ERROR root SerialInterface spd4:COM1SendAndWait: Port COM1 not open
2026-03-06 10:59:09 ERROR root SerialInterface spd1:COM1SendAndWait: Port COM1 not open
2026-03-06 10:59:09 ERROR root SerialInterface spd6:COM1SendAndWait: Port COM1 not open
2026-03-06 10:59:16 ERROR root Debug Server restarted:Listening
2026-03-06 10:59:19 ERROR root SerialInterface spd2:COM1SendAndWait: Port COM1 not open
2026-03-06 10:59:19 ERROR root SerialInterface spd3:COM1SendAndWait: Port COM1 not open
2026-03-06 10:59:19 ERROR root SerialInterface spd5:COM1SendAndWait: Port COM1 not open
2026-03-06 10:59:19 ERROR root SerialInterface spd4:COM1SendAndWait: Port COM1 not open
2026-03-06 10:59:19 ERROR root SerialInterface spd6:COM1SendAndWait: Port COM1 not open
2026-03-06 10:59:19 ERROR root SerialInterface spd1:COM1SendAndWait: Port COM1 not open
2026-03-06 10:59:21 ERROR root Failed to run wait callback function: Wait.w
Traceback (most recent call last):
  File "/remotelib_qxi/__init__.py", line 312, in w
    self.receive_message(data,ipaddress)
  File "/remotelib_qxi/__init__.py", line 362, in receive_message
    WrapperBasics.wrapped_objects[type][alias].receive_message(data)
  File "/remotelib_qxi/ui/Button.py", line 114, in receive_message
    if str(arg) != str(data['args'][cur_arg]):
IndexError: list index out of range
2026-03-06 10:59:21 ERROR root Failed to run wait callback function: Wait.w
Traceback (most recent call last):
  File "/remotelib_qxi/__init__.py", line 312, in w
    self.receive_message(data,ipaddress)
  File "/remotelib_qxi/__init__.py", line 362, in receive_message
    WrapperBasics.wrapped_objects[type][alias].receive_message(data)
  File "/remotelib_qxi/ui/Button.py", line 114, in receive_message
    if str(arg) != str(data['args'][cur_arg]):
IndexError: list index out of range
2026-03-06 10:59:22 ERROR root Failed to run wait callback function: Wait.w
Traceback (most recent call last):
  File "/remotelib_qxi/__init__.py", line 312, in w
    self.receive_message(data,ipaddress)
  File "/remotelib_qxi/__init__.py", line 362, in receive_message
    WrapperBasics.wrapped_objects[type][alias].receive_message(data)
  File "/remotelib_qxi/ui/Button.py", line 114, in receive_message
    if str(arg) != str(data['args'][cur_arg]):
IndexError: list index out of range
2026-03-06 10:59:22 ERROR root Failed to run wait callback function: Wait.w
Traceback (most recent call last):
  File "/remotelib_qxi/__init__.py", line 312, in w
    self.receive_message(data,ipaddress)
  File "/remotelib_qxi/__init__.py", line 362, in receive_message
    WrapperBasics.wrapped_objects[type][alias].receive_message(data)
  File "/remotelib_qxi/ui/Button.py", line 114, in receive_message
    if str(arg) != str(data['args'][cur_arg]):
IndexError: list index out of range
2026-03-06 10:59:23 ERROR root Failed to run wait callback function: Wait.w
Traceback (most recent call last):
  File "/remotelib_qxi/__init__.py", line 312, in w
    self.receive_message(data,ipaddress)
  File "/remotelib_qxi/__init__.py", line 362, in receive_message
    WrapperBasics.wrapped_objects[type][alias].receive_message(data)
  File "/remotelib_qxi/ui/Button.py", line 114, in receive_message
    if str(arg) != str(data['args'][cur_arg]):
IndexError: list index out of range
2026-03-06 10:59:25 ERROR root Failed to run wait callback function: Wait.w
Traceback (most recent call last):
  File "/remotelib_qxi/__init__.py", line 312, in w
    self.receive_message(data,ipaddress)
  File "/remotelib_qxi/__init__.py", line 362, in receive_message
    WrapperBasics.wrapped_objects[type][alias].receive_message(data)
  File "/remotelib_qxi/ui/Button.py", line 114, in receive_message
    if str(arg) != str(data['args'][cur_arg]):
IndexError: list index out of range
2026-03-06 10:59:28 ERROR root Failed to run wait callback function: Wait.w
Traceback (most recent call last):
  File "/remotelib_qxi/__init__.py", line 312, in w
    self.receive_message(data,ipaddress)
  File "/remotelib_qxi/__init__.py", line 362, in receive_message
    WrapperBasics.wrapped_objects[type][alias].receive_message(data)
  File "/remotelib_qxi/ui/Button.py", line 114, in receive_message
    if str(arg) != str(data['args'][cur_arg]):
IndexError: list index out of range
2026-03-06 10:59:29 ERROR root SerialInterface spd2:COM1SendAndWait: Port COM1 not open
2026-03-06 10:59:29 ERROR root SerialInterface spd5:COM1SendAndWait: Port COM1 not open
2026-03-06 10:59:29 ERROR root SerialInterface spd3:COM1SendAndWait: Port COM1 not open
2026-03-06 10:59:29 ERROR root SerialInterface spd4:COM1SendAndWait: Port COM1 not open
2026-03-06 10:59:30 ERROR root SerialInterface spd6:COM1SendAndWait: Port COM1 not open
2026-03-06 10:59:30 ERROR root SerialInterface spd1:COM1SendAndWait: Port COM1 not open
2026-03-06 10:59:39 ERROR root SerialInterface spd2:COM1SendAndWait: Port COM1 not open
2026-03-06 10:59:39 ERROR root SerialInterface spd5:COM1SendAndWait: Port COM1 not open
2026-03-06 10:59:39 ERROR root SerialInterface spd3:COM1SendAndWait: Port COM1 not open
2026-03-06 10:59:39 ERROR root SerialInterface spd4:COM1SendAndWait: Port COM1 not open
2026-03-06 10:59:40 ERROR root SerialInterface spd6:COM1SendAndWait: Port COM1 not open
2026-03-06 10:59:40 ERROR root SerialInterface spd1:COM1SendAndWait: Port COM1 not open
2026-03-06 10:59:46 ERROR root Debug Server restarted:Listening
2026-03-06 10:59:49 ERROR root SerialInterface spd2:COM1SendAndWait: Port COM1 not open
2026-03-06 10:59:50 ERROR root SerialInterface spd5:COM1SendAndWait: Port COM1 not open
