2026-03-06 09:41:10 INFO root Start primary API version 1.10.0.11
2026-03-06 09:41:10 INFO root loading script: main
2026-03-06 09:41:12 INFO root successfully loaded script: main
2026-03-06 09:46:04 ERROR root EXCEPTION:NonvolatileValues:ReadValues:Traceback (most recent call last):
  File "c:\Users\manyr\OneDrive\Desktop\Chris system\Server\source\tools.py", line 403, in ReadValues
    values = _json.load(f)
  File "C:\Python\Python310\lib\json\__init__.py", line 293, in load
    return loads(fp.read(),
  File "C:\Python\Python310\lib\json\__init__.py", line 346, in loads
    return _default_decoder.decode(s)
  File "C:\Python\Python310\lib\json\decoder.py", line 337, in decode
    obj, end = self.raw_decode(s, idx=_w(s, 0).end())
  File "C:\Python\Python310\lib\json\decoder.py", line 355, in raw_decode
    raise JSONDecodeError("Expecting value", s, err.value) from None
json.decoder.JSONDecodeError: Expecting value: line 1 column 1 (char 0)
:deleting corrupted file
2026-03-06 09:46:34 ERROR root Debug Server restarted:Listening
2026-03-06 09:47:04 ERROR root Debug Server restarted:Listening
2026-03-06 09:47:34 ERROR root Debug Server restarted:Listening
2026-03-06 09:48:04 ERROR root Debug Server restarted:Listening
2026-03-06 09:48:34 ERROR root Debug Server restarted:Listening
2026-03-06 09:49:04 ERROR root Debug Server restarted:Listening
2026-03-06 09:49:34 ERROR root Debug Server restarted:Listening
2026-03-06 09:50:04 ERROR root Debug Server restarted:Listening
2026-03-06 09:50:34 ERROR root Debug Server restarted:Listening
2026-03-06 09:51:04 ERROR root Debug Server restarted:Listening
2026-03-06 09:51:09 INFO root Device 22-0 VTLP sync handling began
2026-03-06 09:51:09 INFO root Device 22-0 VTLP sync handling ended
2026-03-06 09:51:34 ERROR root Debug Server restarted:Listening
2026-03-06 09:51:38 INFO root Device 22-0 VTLP sync handling began
2026-03-06 09:51:38 INFO root Device 22-0 VTLP sync handling ended
2026-03-06 09:51:38 ERROR root Control ID 0 not defined
2026-03-06 09:51:58 ERROR root Device 2-0 (None)  SPInterface Operable Unavailable port :AVI1 , connections status: Offline
2026-03-06 09:52:04 ERROR root Debug Server restarted:Listening
2026-03-06 09:52:10 ERROR root SerialInterface spd1:COM1 Unavailable Port: COM1
2026-03-06 09:52:10 ERROR root SerialInterface spd1:COM1Device 3-0 (None)  Unavailable Port: COM1 , connections status Offline
2026-03-06 09:52:22 ERROR root SerialInterface spd2:COM1 Unavailable Port: COM1
2026-03-06 09:52:22 ERROR root SerialInterface spd2:COM1Device 4-0 (None)  Unavailable Port: COM1 , connections status Offline
2026-03-06 09:52:34 ERROR root Debug Server restarted:Listening
2026-03-06 09:52:35 ERROR root SerialInterface spd3:COM1 Unavailable Port: COM1
2026-03-06 09:52:35 ERROR root SerialInterface spd3:COM1Device 5-0 (None)  Unavailable Port: COM1 , connections status Offline
2026-03-06 09:52:47 ERROR root SerialInterface spd4:COM1 Unavailable Port: COM1
2026-03-06 09:52:47 ERROR root SerialInterface spd4:COM1Device 6-0 (None)  Unavailable Port: COM1 , connections status Offline
2026-03-06 09:52:59 ERROR root SerialInterface spd5:COM1 Unavailable Port: COM1
2026-03-06 09:52:59 ERROR root SerialInterface spd5:COM1Device 7-0 (None)  Unavailable Port: COM1 , connections status Offline
2026-03-06 09:53:04 ERROR root Debug Server restarted:Listening
2026-03-06 09:53:11 ERROR root SerialInterface spd6:COM1 Unavailable Port: COM1
2026-03-06 09:53:11 ERROR root SerialInterface spd6:COM1Device 8-0 (None)  Unavailable Port: COM1 , connections status Offline
2026-03-06 09:53:21 ERROR root Device 10-0 (None)  Unavailable Port: IRS1 , connections status Offline
2026-03-06 09:53:30 ERROR root Device 11-0 (None)  Unavailable Port: IRS1 , connections status Offline
2026-03-06 09:53:34 ERROR root Debug Server restarted:Listening
2026-03-06 09:53:39 ERROR root Device 12-0 (None)  Unavailable Port: IRS1 , connections status Offline
2026-03-06 09:53:49 ERROR root Device 13-0 (None)  Unavailable Port: IRS1 , connections status Offline
2026-03-06 09:53:58 ERROR root Device 14-0 (None)  Unavailable Port: IRS1 , connections status Offline
2026-03-06 09:54:04 ERROR root Debug Server restarted:Listening
2026-03-06 09:54:08 ERROR root Device 15-0 (None)  Unavailable Port: IRS1 , connections status Offline
2026-03-06 09:54:09 ERROR root SerialInterface spd1:COM1SendAndWait: Port COM1 not open
2026-03-06 09:54:09 ERROR root SerialInterface spd5:COM1SendAndWait: Port COM1 not open
2026-03-06 09:54:09 ERROR root SerialInterface spd2:COM1SendAndWait: Port COM1 not open
2026-03-06 09:54:09 ERROR root SerialInterface spd3:COM1SendAndWait: Port COM1 not open
2026-03-06 09:54:09 ERROR root SerialInterface spd4:COM1SendAndWait: Port COM1 not open
2026-03-06 09:54:09 ERROR root SerialInterface spd6:COM1SendAndWait: Port COM1 not open
2026-03-06 09:54:18 ERROR root EXCEPTION:NonvolatileValues:ReadValues:Traceback (most recent call last):
  File "c:\Users\manyr\OneDrive\Desktop\Chris system\Server\source\tools.py", line 403, in ReadValues
    values = _json.load(f)
  File "C:\Python\Python310\lib\json\__init__.py", line 293, in load
    return loads(fp.read(),
  File "C:\Python\Python310\lib\json\__init__.py", line 346, in loads
    return _default_decoder.decode(s)
  File "C:\Python\Python310\lib\json\decoder.py", line 337, in decode
    obj, end = self.raw_decode(s, idx=_w(s, 0).end())
  File "C:\Python\Python310\lib\json\decoder.py", line 355, in raw_decode
    raise JSONDecodeError("Expecting value", s, err.value) from None
json.decoder.JSONDecodeError: Expecting value: line 1 column 1 (char 0)
:deleting corrupted file
2026-03-06 09:54:43 ERROR root Receive failed, from client
2026-03-06 09:54:43 ERROR root Send Failed: [Errno 32] Broken pipe
2026-03-06 09:54:43 ERROR root Invalid Parameter IC142Panel ShowPopup: popup=Control Server is Offline
2026-03-06 09:54:43 ERROR root Invalid Parameter IC143Panel ShowPopup: popup=Control Server is Offline
2026-03-06 09:54:43 ERROR root Invalid Parameter IC144Panel ShowPopup: popup=Control Server is Offline
2026-03-06 09:54:43 ERROR root Invalid Parameter BreakRmPanel ShowPopup: popup=Control Server is Offline
2026-03-06 09:54:43 ERROR root Invalid Parameter LobbyPanel ShowPopup: popup=Control Server is Offline
2026-03-06 09:54:43 ERROR root Invalid Parameter HallPanel ShowPopup: popup=Control Server is Offline
2026-03-06 09:54:43 ERROR root Invalid Parameter BWDPanel ShowPopup: popup=Control Server is Offline
2026-03-06 09:54:43 ERROR root Invalid Parameter IC142Panel ShowPopup: popup=Control Server is Offline
2026-03-06 09:54:43 ERROR root Invalid Parameter IC143Panel ShowPopup: popup=Control Server is Offline
2026-03-06 09:54:43 ERROR root Invalid Parameter IC144Panel ShowPopup: popup=Control Server is Offline
2026-03-06 09:54:43 ERROR root Invalid Parameter BreakRmPanel ShowPopup: popup=Control Server is Offline
2026-03-06 09:54:43 ERROR root Invalid Parameter LobbyPanel ShowPopup: popup=Control Server is Offline
2026-03-06 09:54:43 ERROR root Invalid Parameter HallPanel ShowPopup: popup=Control Server is Offline
2026-03-06 09:54:43 ERROR root Invalid Parameter BWDPanel ShowPopup: popup=Control Server is Offline
2026-03-06 09:54:44 ERROR root Invalid Parameter IC142Panel HidePopup: popup=Control Server is Offline
2026-03-06 09:54:44 ERROR root Invalid Parameter IC143Panel HidePopup: popup=Control Server is Offline
2026-03-06 09:54:44 ERROR root Invalid Parameter IC144Panel HidePopup: popup=Control Server is Offline
2026-03-06 09:54:44 ERROR root Invalid Parameter BreakRmPanel HidePopup: popup=Control Server is Offline
2026-03-06 09:54:44 ERROR root Invalid Parameter LobbyPanel HidePopup: popup=Control Server is Offline
2026-03-06 09:54:44 ERROR root Invalid Parameter HallPanel HidePopup: popup=Control Server is Offline
2026-03-06 09:54:44 ERROR root Invalid Parameter BWDPanel HidePopup: popup=Control Server is Offline
2026-03-06 09:54:44 ERROR root EXCEPTION:NonvolatileValues:ReadValues:Traceback (most recent call last):
  File "c:\Users\manyr\OneDrive\Desktop\Chris system\Server\source\tools.py", line 403, in ReadValues
    values = _json.load(f)
  File "C:\Python\Python310\lib\json\__init__.py", line 293, in load
    return loads(fp.read(),
  File "C:\Python\Python310\lib\json\__init__.py", line 346, in loads
    return _default_decoder.decode(s)
  File "C:\Python\Python310\lib\json\decoder.py", line 337, in decode
    obj, end = self.raw_decode(s, idx=_w(s, 0).end())
  File "C:\Python\Python310\lib\json\decoder.py", line 355, in raw_decode
    raise JSONDecodeError("Expecting value", s, err.value) from None
json.decoder.JSONDecodeError: Expecting value: line 1 column 1 (char 0)
:deleting corrupted file
2026-03-06 09:54:48 ERROR root SerialInterface spd6:COM1SendAndWait: Port COM1 not open
2026-03-06 09:54:48 ERROR root SerialInterface spd1:COM1SendAndWait: Port COM1 not open
2026-03-06 09:54:48 ERROR root SerialInterface spd4:COM1SendAndWait: Port COM1 not open
2026-03-06 09:54:48 ERROR root SerialInterface spd5:COM1SendAndWait: Port COM1 not open
2026-03-06 09:54:48 ERROR root SerialInterface spd2:COM1SendAndWait: Port COM1 not open
2026-03-06 09:54:48 ERROR root SerialInterface spd3:COM1SendAndWait: Port COM1 not open
2026-03-06 09:54:57 ERROR root EXCEPTION:NonvolatileValues:ReadValues:Traceback (most recent call last):
  File "c:\Users\manyr\OneDrive\Desktop\Chris system\Server\source\tools.py", line 403, in ReadValues
    values = _json.load(f)
  File "C:\Python\Python310\lib\json\__init__.py", line 293, in load
    return loads(fp.read(),
  File "C:\Python\Python310\lib\json\__init__.py", line 346, in loads
    return _default_decoder.decode(s)
  File "C:\Python\Python310\lib\json\decoder.py", line 337, in decode
    obj, end = self.raw_decode(s, idx=_w(s, 0).end())
  File "C:\Python\Python310\lib\json\decoder.py", line 355, in raw_decode
    raise JSONDecodeError("Expecting value", s, err.value) from None
json.decoder.JSONDecodeError: Expecting value: line 1 column 1 (char 0)
:deleting corrupted file
2026-03-06 09:57:16 ERROR root Failed to run wait callback function: Wait.w
Traceback (most recent call last):
  File "/remotelib_qxi/__init__.py", line 312, in w
    self.receive_message(data,ipaddress)
  File "/remotelib_qxi/__init__.py", line 362, in receive_message
    WrapperBasics.wrapped_objects[type][alias].receive_message(data)
  File "/remotelib_qxi/ui/Button.py", line 114, in receive_message
    if str(arg) != str(data['args'][cur_arg]):
IndexError: list index out of range
2026-03-06 09:57:17 ERROR root Failed to run wait callback function: Wait.w
Traceback (most recent call last):
  File "/remotelib_qxi/__init__.py", line 312, in w
    self.receive_message(data,ipaddress)
  File "/remotelib_qxi/__init__.py", line 362, in receive_message
    WrapperBasics.wrapped_objects[type][alias].receive_message(data)
  File "/remotelib_qxi/ui/Button.py", line 114, in receive_message
    if str(arg) != str(data['args'][cur_arg]):
IndexError: list index out of range
2026-03-06 09:57:21 ERROR root Failed to run wait callback function: Wait.w
Traceback (most recent call last):
  File "/remotelib_qxi/__init__.py", line 312, in w
    self.receive_message(data,ipaddress)
  File "/remotelib_qxi/__init__.py", line 362, in receive_message
    WrapperBasics.wrapped_objects[type][alias].receive_message(data)
  File "/remotelib_qxi/ui/Button.py", line 114, in receive_message
    if str(arg) != str(data['args'][cur_arg]):
IndexError: list index out of range
2026-03-06 09:57:21 ERROR root Failed to run wait callback function: Wait.w
Traceback (most recent call last):
  File "/remotelib_qxi/__init__.py", line 312, in w
    self.receive_message(data,ipaddress)
  File "/remotelib_qxi/__init__.py", line 362, in receive_message
    WrapperBasics.wrapped_objects[type][alias].receive_message(data)
  File "/remotelib_qxi/ui/Button.py", line 114, in receive_message
    if str(arg) != str(data['args'][cur_arg]):
IndexError: list index out of range
2026-03-06 09:57:27 ERROR root Failed to run wait callback function: Wait.w
Traceback (most recent call last):
  File "/remotelib_qxi/__init__.py", line 312, in w
    self.receive_message(data,ipaddress)
  File "/remotelib_qxi/__init__.py", line 362, in receive_message
    WrapperBasics.wrapped_objects[type][alias].receive_message(data)
  File "/remotelib_qxi/ui/Button.py", line 114, in receive_message
    if str(arg) != str(data['args'][cur_arg]):
IndexError: list index out of range
2026-03-06 09:57:27 ERROR root Failed to run wait callback function: Wait.w
Traceback (most recent call last):
  File "/remotelib_qxi/__init__.py", line 312, in w
    self.receive_message(data,ipaddress)
  File "/remotelib_qxi/__init__.py", line 362, in receive_message
    WrapperBasics.wrapped_objects[type][alias].receive_message(data)
  File "/remotelib_qxi/ui/Button.py", line 114, in receive_message
    if str(arg) != str(data['args'][cur_arg]):
IndexError: list index out of range
2026-03-06 09:57:27 ERROR root Failed to run wait callback function: Wait.w
Traceback (most recent call last):
  File "/remotelib_qxi/__init__.py", line 312, in w
    self.receive_message(data,ipaddress)
  File "/remotelib_qxi/__init__.py", line 362, in receive_message
    WrapperBasics.wrapped_objects[type][alias].receive_message(data)
  File "/remotelib_qxi/ui/Button.py", line 114, in receive_message
    if str(arg) != str(data['args'][cur_arg]):
IndexError: list index out of range
2026-03-06 09:57:27 ERROR root Failed to run wait callback function: Wait.w
Traceback (most recent call last):
  File "/remotelib_qxi/__init__.py", line 312, in w
    self.receive_message(data,ipaddress)
  File "/remotelib_qxi/__init__.py", line 362, in receive_message
    WrapperBasics.wrapped_objects[type][alias].receive_message(data)
  File "/remotelib_qxi/ui/Button.py", line 114, in receive_message
    if str(arg) != str(data['args'][cur_arg]):
IndexError: list index out of range
2026-03-06 09:57:30 ERROR root Failed to run wait callback function: Wait.w
Traceback (most recent call last):
  File "/remotelib_qxi/__init__.py", line 312, in w
    self.receive_message(data,ipaddress)
  File "/remotelib_qxi/__init__.py", line 362, in receive_message
    WrapperBasics.wrapped_objects[type][alias].receive_message(data)
  File "/remotelib_qxi/ui/Button.py", line 114, in receive_message
    if str(arg) != str(data['args'][cur_arg]):
IndexError: list index out of range
2026-03-06 09:57:30 ERROR root Failed to run wait callback function: Wait.w
Traceback (most recent call last):
  File "/remotelib_qxi/__init__.py", line 312, in w
    self.receive_message(data,ipaddress)
  File "/remotelib_qxi/__init__.py", line 362, in receive_message
    WrapperBasics.wrapped_objects[type][alias].receive_message(data)
  File "/remotelib_qxi/ui/Button.py", line 114, in receive_message
    if str(arg) != str(data['args'][cur_arg]):
IndexError: list index out of range
2026-03-06 09:57:33 ERROR root Failed to run wait callback function: Wait.w
Traceback (most recent call last):
  File "/remotelib_qxi/__init__.py", line 312, in w
    self.receive_message(data,ipaddress)
  File "/remotelib_qxi/__init__.py", line 362, in receive_message
    WrapperBasics.wrapped_objects[type][alias].receive_message(data)
  File "/remotelib_qxi/ui/Button.py", line 114, in receive_message
    if str(arg) != str(data['args'][cur_arg]):
IndexError: list index out of range
2026-03-06 09:57:33 ERROR root Failed to run wait callback function: Wait.w
Traceback (most recent call last):
  File "/remotelib_qxi/__init__.py", line 312, in w
    self.receive_message(data,ipaddress)
  File "/remotelib_qxi/__init__.py", line 362, in receive_message
    WrapperBasics.wrapped_objects[type][alias].receive_message(data)
  File "/remotelib_qxi/ui/Button.py", line 114, in receive_message
    if str(arg) != str(data['args'][cur_arg]):
IndexError: list index out of range
2026-03-06 09:57:34 ERROR root Failed to run wait callback function: Wait.w
Traceback (most recent call last):
  File "/remotelib_qxi/__init__.py", line 312, in w
    self.receive_message(data,ipaddress)
  File "/remotelib_qxi/__init__.py", line 362, in receive_message
    WrapperBasics.wrapped_objects[type][alias].receive_message(data)
  File "/remotelib_qxi/ui/Button.py", line 114, in receive_message
    if str(arg) != str(data['args'][cur_arg]):
IndexError: list index out of range
2026-03-06 09:57:34 ERROR root Failed to run wait callback function: Wait.w
Traceback (most recent call last):
  File "/remotelib_qxi/__init__.py", line 312, in w
    self.receive_message(data,ipaddress)
  File "/remotelib_qxi/__init__.py", line 362, in receive_message
    WrapperBasics.wrapped_objects[type][alias].receive_message(data)
  File "/remotelib_qxi/ui/Button.py", line 114, in receive_message
    if str(arg) != str(data['args'][cur_arg]):
IndexError: list index out of range
2026-03-06 09:57:45 ERROR root Debug Server restarted:Listening
2026-03-06 09:57:45 ERROR root Debug Server restarted:Listening
2026-03-06 09:57:45 ERROR root Debug Server restarted:Listening
2026-03-06 09:57:45 ERROR root Invalid Parameter BWDPanel ShowPopup: popup=Header-Uncombined-6
2026-03-06 09:57:46 ERROR root Debug Server restarted:Listening
2026-03-06 09:57:46 ERROR root Debug Server restarted:Listening
2026-03-06 09:57:46 ERROR root Debug Server restarted:Listening
2026-03-06 09:58:14 ERROR root Debug Server restarted:Listening
2026-03-06 09:58:44 ERROR root Debug Server restarted:Listening
2026-03-06 09:58:48 ERROR root Invalid Parameter BWDPanel ShowPopup: popup=Header-Uncombined-6
2026-03-06 09:58:53 ERROR root Invalid Parameter BWDPanel ShowPopup: popup=Header-Uncombined-6
2026-03-06 09:59:14 ERROR root Debug Server restarted:Listening
2026-03-06 09:59:44 ERROR root Debug Server restarted:Listening
