2026-03-06 13:25:07 INFO root Start primary API version 1.10.0.11
2026-03-06 13:25:07 INFO root loading script: main
2026-03-06 13:25:09 INFO root successfully loaded script: main
2026-03-06 13:25:16 ERROR root EXCEPTION:NonvolatileValues:ReadValues:Traceback (most recent call last):
  File "c:\Users\manyr\OneDrive\Desktop\Chris system\Server\source\tools.py", line 403, in ReadValues
    values = _json.load(f)
  File "C:\Python\Python310\lib\json\__init__.py", line 293, in load
    return loads(fp.read(),
  File "C:\Python\Python310\lib\json\__init__.py", line 346, in loads
    return _default_decoder.decode(s)
  File "C:\Python\Python310\lib\json\decoder.py", line 337, in decode
    obj, end = self.raw_decode(s, idx=_w(s, 0).end())
  File "C:\Python\Python310\lib\json\decoder.py", line 355, in raw_decode
    raise JSONDecodeError("Expecting value", s, err.value) from None
json.decoder.JSONDecodeError: Expecting value: line 1 column 1 (char 0)
:deleting corrupted file
2026-03-06 13:25:46 ERROR root Debug Server restarted:Listening
2026-03-06 13:26:16 ERROR root Debug Server restarted:Listening
2026-03-06 13:26:46 ERROR root Debug Server restarted:Listening
2026-03-06 13:27:16 ERROR root Debug Server restarted:Listening
2026-03-06 13:27:46 ERROR root Debug Server restarted:Listening
2026-03-06 13:28:16 ERROR root Debug Server restarted:Listening
2026-03-06 13:28:46 ERROR root Debug Server restarted:Listening
2026-03-06 13:29:16 ERROR root Debug Server restarted:Listening
2026-03-06 13:29:46 ERROR root Debug Server restarted:Listening
2026-03-06 13:30:16 ERROR root Debug Server restarted:Listening
2026-03-06 13:30:17 INFO root Device 22-0 VTLP sync handling began
2026-03-06 13:30:17 INFO root Device 22-0 VTLP sync handling ended
2026-03-06 13:30:17 ERROR root Control ID 0 not defined
2026-03-06 13:30:26 INFO root Device 22-0 VTLP sync handling began
2026-03-06 13:30:26 INFO root Device 22-0 VTLP sync handling ended
2026-03-06 13:30:32 INFO root Device 22-0 VTLP sync handling began
2026-03-06 13:30:32 INFO root Device 22-0 VTLP sync handling ended
2026-03-06 13:30:35 INFO root Device 22-0 VTLP sync handling began
2026-03-06 13:30:35 INFO root Device 22-0 VTLP sync handling ended
2026-03-06 13:30:35 ERROR root Control ID 0 not defined
2026-03-06 13:30:46 ERROR root Debug Server restarted:Listening
2026-03-06 13:31:11 ERROR root Device 2-0 (None)  SPInterface Operable Unavailable port :AVI1 , connections status: Offline
2026-03-06 13:31:16 ERROR root Debug Server restarted:Listening
2026-03-06 13:31:23 ERROR root SerialInterface spd1:COM1 Unavailable Port: COM1
2026-03-06 13:31:23 ERROR root SerialInterface spd1:COM1Device 3-0 (None)  Unavailable Port: COM1 , connections status Offline
2026-03-06 13:31:35 ERROR root SerialInterface spd2:COM1 Unavailable Port: COM1
2026-03-06 13:31:35 ERROR root SerialInterface spd2:COM1Device 4-0 (None)  Unavailable Port: COM1 , connections status Offline
2026-03-06 13:31:46 ERROR root Debug Server restarted:Listening
2026-03-06 13:31:47 ERROR root SerialInterface spd3:COM1 Unavailable Port: COM1
2026-03-06 13:31:47 ERROR root SerialInterface spd3:COM1Device 5-0 (None)  Unavailable Port: COM1 , connections status Offline
2026-03-06 13:32:00 ERROR root SerialInterface spd4:COM1 Unavailable Port: COM1
2026-03-06 13:32:00 ERROR root SerialInterface spd4:COM1Device 6-0 (None)  Unavailable Port: COM1 , connections status Offline
2026-03-06 13:32:12 ERROR root SerialInterface spd5:COM1 Unavailable Port: COM1
2026-03-06 13:32:12 ERROR root SerialInterface spd5:COM1Device 7-0 (None)  Unavailable Port: COM1 , connections status Offline
2026-03-06 13:32:16 ERROR root Debug Server restarted:Listening
2026-03-06 13:32:24 ERROR root SerialInterface spd6:COM1 Unavailable Port: COM1
2026-03-06 13:32:24 ERROR root SerialInterface spd6:COM1Device 8-0 (None)  Unavailable Port: COM1 , connections status Offline
2026-03-06 13:32:34 ERROR root Device 10-0 (None)  Unavailable Port: IRS1 , connections status Offline
2026-03-06 13:32:43 ERROR root Device 11-0 (None)  Unavailable Port: IRS1 , connections status Offline
2026-03-06 13:32:46 ERROR root Debug Server restarted:Listening
2026-03-06 13:32:53 ERROR root Device 12-0 (None)  Unavailable Port: IRS1 , connections status Offline
2026-03-06 13:33:02 ERROR root Device 13-0 (None)  Unavailable Port: IRS1 , connections status Offline
2026-03-06 13:33:11 ERROR root Device 14-0 (None)  Unavailable Port: IRS1 , connections status Offline
2026-03-06 13:33:16 ERROR root Debug Server restarted:Listening
2026-03-06 13:33:21 ERROR root Device 15-0 (None)  Unavailable Port: IRS1 , connections status Offline
2026-03-06 13:33:22 ERROR root SerialInterface spd4:COM1SendAndWait: Port COM1 not open
2026-03-06 13:33:22 ERROR root SerialInterface spd3:COM1SendAndWait: Port COM1 not open
2026-03-06 13:33:22 ERROR root SerialInterface spd6:COM1SendAndWait: Port COM1 not open
2026-03-06 13:33:22 ERROR root SerialInterface spd2:COM1SendAndWait: Port COM1 not open
2026-03-06 13:33:22 ERROR root SerialInterface spd5:COM1SendAndWait: Port COM1 not open
2026-03-06 13:33:22 ERROR root SerialInterface spd1:COM1SendAndWait: Port COM1 not open
2026-03-06 13:33:31 ERROR root EXCEPTION:NonvolatileValues:ReadValues:Traceback (most recent call last):
  File "c:\Users\manyr\OneDrive\Desktop\Chris system\Server\source\tools.py", line 403, in ReadValues
    values = _json.load(f)
  File "C:\Python\Python310\lib\json\__init__.py", line 293, in load
    return loads(fp.read(),
  File "C:\Python\Python310\lib\json\__init__.py", line 346, in loads
    return _default_decoder.decode(s)
  File "C:\Python\Python310\lib\json\decoder.py", line 337, in decode
    obj, end = self.raw_decode(s, idx=_w(s, 0).end())
  File "C:\Python\Python310\lib\json\decoder.py", line 355, in raw_decode
    raise JSONDecodeError("Expecting value", s, err.value) from None
json.decoder.JSONDecodeError: Expecting value: line 1 column 1 (char 0)
:deleting corrupted file
2026-03-06 13:33:46 ERROR root SerialInterface spd4:COM1SendAndWait: Port COM1 not open
2026-03-06 13:33:46 ERROR root SerialInterface spd2:COM1SendAndWait: Port COM1 not open
2026-03-06 13:33:46 ERROR root SerialInterface spd5:COM1SendAndWait: Port COM1 not open
2026-03-06 13:33:46 ERROR root SerialInterface spd3:COM1SendAndWait: Port COM1 not open
2026-03-06 13:33:46 ERROR root SerialInterface spd1:COM1SendAndWait: Port COM1 not open
2026-03-06 13:33:46 ERROR root SerialInterface spd6:COM1SendAndWait: Port COM1 not open
2026-03-06 13:33:46 ERROR root Debug Server restarted:Listening
2026-03-06 13:33:53 ERROR root Invalid Parameter BWDPanel ShowPopup: popup=Header-Uncombined-6
2026-03-06 13:33:56 ERROR root SerialInterface spd4:COM1SendAndWait: Port COM1 not open
2026-03-06 13:33:56 ERROR root SerialInterface spd3:COM1SendAndWait: Port COM1 not open
2026-03-06 13:33:56 ERROR root SerialInterface spd5:COM1SendAndWait: Port COM1 not open
2026-03-06 13:33:56 ERROR root SerialInterface spd2:COM1SendAndWait: Port COM1 not open
2026-03-06 13:33:56 ERROR root SerialInterface spd1:COM1SendAndWait: Port COM1 not open
2026-03-06 13:33:56 ERROR root SerialInterface spd6:COM1SendAndWait: Port COM1 not open
2026-03-06 13:34:06 ERROR root SerialInterface spd4:COM1SendAndWait: Port COM1 not open
2026-03-06 13:34:06 ERROR root SerialInterface spd3:COM1SendAndWait: Port COM1 not open
2026-03-06 13:34:06 ERROR root SerialInterface spd2:COM1SendAndWait: Port COM1 not open
2026-03-06 13:34:06 ERROR root SerialInterface spd1:COM1SendAndWait: Port COM1 not open
2026-03-06 13:34:06 ERROR root SerialInterface spd5:COM1SendAndWait: Port COM1 not open
2026-03-06 13:34:06 ERROR root SerialInterface spd6:COM1SendAndWait: Port COM1 not open
2026-03-06 13:34:16 ERROR root SerialInterface spd4:COM1SendAndWait: Port COM1 not open
2026-03-06 13:34:16 ERROR root SerialInterface spd3:COM1SendAndWait: Port COM1 not open
2026-03-06 13:34:16 ERROR root SerialInterface spd1:COM1SendAndWait: Port COM1 not open
2026-03-06 13:34:16 ERROR root SerialInterface spd2:COM1SendAndWait: Port COM1 not open
2026-03-06 13:34:16 ERROR root SerialInterface spd5:COM1SendAndWait: Port COM1 not open
2026-03-06 13:34:16 ERROR root SerialInterface spd6:COM1SendAndWait: Port COM1 not open
2026-03-06 13:34:16 ERROR root Debug Server restarted:Listening
2026-03-06 13:34:26 ERROR root SerialInterface spd4:COM1SendAndWait: Port COM1 not open
2026-03-06 13:34:26 ERROR root SerialInterface spd3:COM1SendAndWait: Port COM1 not open
2026-03-06 13:34:26 ERROR root SerialInterface spd1:COM1SendAndWait: Port COM1 not open
2026-03-06 13:34:26 ERROR root SerialInterface spd2:COM1SendAndWait: Port COM1 not open
2026-03-06 13:34:26 ERROR root SerialInterface spd5:COM1SendAndWait: Port COM1 not open
2026-03-06 13:34:26 ERROR root SerialInterface spd6:COM1SendAndWait: Port COM1 not open
2026-03-06 13:34:36 ERROR root SerialInterface spd4:COM1SendAndWait: Port COM1 not open
2026-03-06 13:34:36 ERROR root SerialInterface spd3:COM1SendAndWait: Port COM1 not open
2026-03-06 13:34:36 ERROR root SerialInterface spd1:COM1SendAndWait: Port COM1 not open
2026-03-06 13:34:36 ERROR root SerialInterface spd2:COM1SendAndWait: Port COM1 not open
2026-03-06 13:34:37 ERROR root SerialInterface spd5:COM1SendAndWait: Port COM1 not open
2026-03-06 13:34:37 ERROR root SerialInterface spd6:COM1SendAndWait: Port COM1 not open
2026-03-06 13:34:46 ERROR root Debug Server restarted:Listening
2026-03-06 13:34:46 ERROR root SerialInterface spd4:COM1SendAndWait: Port COM1 not open
2026-03-06 13:34:46 ERROR root SerialInterface spd3:COM1SendAndWait: Port COM1 not open
2026-03-06 13:34:47 ERROR root SerialInterface spd1:COM1SendAndWait: Port COM1 not open
2026-03-06 13:34:47 ERROR root SerialInterface spd2:COM1SendAndWait: Port COM1 not open
2026-03-06 13:34:47 ERROR root SerialInterface spd5:COM1SendAndWait: Port COM1 not open
2026-03-06 13:34:47 ERROR root SerialInterface spd6:COM1SendAndWait: Port COM1 not open
2026-03-06 13:34:57 ERROR root SerialInterface spd4:COM1SendAndWait: Port COM1 not open
2026-03-06 13:34:57 ERROR root SerialInterface spd3:COM1SendAndWait: Port COM1 not open
2026-03-06 13:34:57 ERROR root SerialInterface spd1:COM1SendAndWait: Port COM1 not open
2026-03-06 13:34:57 ERROR root SerialInterface spd2:COM1SendAndWait: Port COM1 not open
2026-03-06 13:34:57 ERROR root SerialInterface spd5:COM1SendAndWait: Port COM1 not open
2026-03-06 13:34:57 ERROR root SerialInterface spd6:COM1SendAndWait: Port COM1 not open
2026-03-06 13:35:01 ERROR root Invalid Parameter BWDPanel ShowPopup: popup=Header-Uncombined-6
2026-03-06 13:35:05 ERROR root Invalid Parameter BWDPanel ShowPopup: popup=Header-Uncombined-6
2026-03-06 13:35:07 ERROR root SerialInterface spd4:COM1SendAndWait: Port COM1 not open
2026-03-06 13:35:07 ERROR root SerialInterface spd3:COM1SendAndWait: Port COM1 not open
2026-03-06 13:35:07 ERROR root SerialInterface spd1:COM1SendAndWait: Port COM1 not open
2026-03-06 13:35:07 ERROR root SerialInterface spd2:COM1SendAndWait: Port COM1 not open
2026-03-06 13:35:07 ERROR root SerialInterface spd5:COM1SendAndWait: Port COM1 not open
2026-03-06 13:35:07 ERROR root SerialInterface spd6:COM1SendAndWait: Port COM1 not open
2026-03-06 13:35:16 ERROR root Debug Server restarted:Listening
2026-03-06 13:35:17 ERROR root SerialInterface spd4:COM1SendAndWait: Port COM1 not open
2026-03-06 13:35:17 ERROR root SerialInterface spd3:COM1SendAndWait: Port COM1 not open
2026-03-06 13:35:17 ERROR root SerialInterface spd1:COM1SendAndWait: Port COM1 not open
2026-03-06 13:35:17 ERROR root SerialInterface spd2:COM1SendAndWait: Port COM1 not open
2026-03-06 13:35:17 ERROR root SerialInterface spd5:COM1SendAndWait: Port COM1 not open
2026-03-06 13:35:17 ERROR root SerialInterface spd6:COM1SendAndWait: Port COM1 not open
