2026-03-06 13:15:30 INFO root Start primary API version 1.10.0.11
2026-03-06 13:15:30 INFO root loading script: main
2026-03-06 13:15:32 INFO root successfully loaded script: main
2026-03-06 13:19:00 ERROR root EXCEPTION:NonvolatileValues:ReadValues:Traceback (most recent call last):
  File "c:\Users\manyr\OneDrive\Desktop\Chris system\Server\source\tools.py", line 403, in ReadValues
    values = _json.load(f)
  File "C:\Python\Python310\lib\json\__init__.py", line 293, in load
    return loads(fp.read(),
  File "C:\Python\Python310\lib\json\__init__.py", line 346, in loads
    return _default_decoder.decode(s)
  File "C:\Python\Python310\lib\json\decoder.py", line 337, in decode
    obj, end = self.raw_decode(s, idx=_w(s, 0).end())
  File "C:\Python\Python310\lib\json\decoder.py", line 355, in raw_decode
    raise JSONDecodeError("Expecting value", s, err.value) from None
json.decoder.JSONDecodeError: Expecting value: line 1 column 1 (char 0)
:deleting corrupted file
2026-03-06 13:19:30 ERROR root Debug Server restarted:Listening
2026-03-06 13:20:00 ERROR root Debug Server restarted:Listening
2026-03-06 13:20:30 ERROR root Debug Server restarted:Listening
2026-03-06 13:21:00 ERROR root Debug Server restarted:Listening
2026-03-06 13:21:30 ERROR root Debug Server restarted:Listening
2026-03-06 13:22:00 ERROR root Debug Server restarted:Listening
